
Optional file libmchp_peripheral.a not found

Optional file libmchp_peripheral_32MX250F128B.a not found
Archive member included because of file (symbol)

c:/program files (x86)/microchip/xc32/v2.15/bin/bin/../../lib/gcc/pic32mx/4.8.3/../../../../pic32mx/lib\libpic32.a(memcmp.o)
                              build/default/production/_ext/1360937237/app.o (memcmp)
c:/program files (x86)/microchip/xc32/v2.15/bin/bin/../../lib/gcc/pic32mx/4.8.3/../../../../pic32mx/lib\libpic32.a(memcpy.o)
                              build/default/production/_ext/2122677765/usb_device.o (memcpy)
c:/program files (x86)/microchip/xc32/v2.15/bin/bin/../../lib/gcc/pic32mx/4.8.3/../../../../pic32mx/lib\libpic32.a(default-bootstrap-exception-handler.o)
                              C:\Users\mwlee\AppData\Local\Temp\ccwUQeTy.o (_bootstrap_exception_handler)
c:/program files (x86)/microchip/xc32/v2.15/bin/bin/../../lib/gcc/pic32mx/4.8.3/../../../../pic32mx/lib\libpic32.a(default-on-reset.o)
                              C:\Users\mwlee\AppData\Local\Temp\ccwUQeTy.o (_on_reset)
c:/program files (x86)/microchip/xc32/v2.15/bin/bin/../../lib/gcc/pic32mx/4.8.3/../../../../pic32mx/lib\libpic32.a(default-on-bootstrap.o)
                              C:\Users\mwlee\AppData\Local\Temp\ccwUQeTy.o (_on_bootstrap)
c:/program files (x86)/microchip/xc32/v2.15/bin/bin/../../lib/gcc/pic32mx/4.8.3/../../../../pic32mx/lib\libpic32.a(default-nmi-handler.o)
                              C:\Users\mwlee\AppData\Local\Temp\ccwUQeTy.o (_nmi_handler)
c:/program files (x86)/microchip/xc32/v2.15/bin/bin/../../lib/gcc/pic32mx/4.8.3/../../../../pic32mx/lib\libpic32.a(pic32_data_init.o)
                              C:\Users\mwlee\AppData\Local\Temp\ccwUQeTy.o (__pic32_data_init)
c:/program files (x86)/microchip/xc32/v2.15/bin/bin/../../lib/gcc/pic32mx/4.8.3/../../../../pic32mx/lib\libpic32.a(general-exception.o)
                              C:\Users\mwlee\AppData\Local\Temp\ccwUQeTy.o (_general_exception_context)
c:/program files (x86)/microchip/xc32/v2.15/bin/bin/../../lib/gcc/pic32mx/4.8.3/../../../../pic32mx/lib\libpic32.a(vector0.o)
                              C:\Users\mwlee\AppData\Local\Temp\cc6dYXvD.o (__vector_dispatch_0)
c:/program files (x86)/microchip/xc32/v2.15/bin/bin/../../lib/gcc/pic32mx/4.8.3/../../../../pic32mx/lib\libpic32.a(vector1.o)
                              C:\Users\mwlee\AppData\Local\Temp\cc6dYXvD.o (__vector_dispatch_1)
c:/program files (x86)/microchip/xc32/v2.15/bin/bin/../../lib/gcc/pic32mx/4.8.3/../../../../pic32mx/lib\libpic32.a(vector2.o)
                              C:\Users\mwlee\AppData\Local\Temp\cc6dYXvD.o (__vector_dispatch_2)
c:/program files (x86)/microchip/xc32/v2.15/bin/bin/../../lib/gcc/pic32mx/4.8.3/../../../../pic32mx/lib\libpic32.a(vector3.o)
                              C:\Users\mwlee\AppData\Local\Temp\cc6dYXvD.o (__vector_dispatch_3)
c:/program files (x86)/microchip/xc32/v2.15/bin/bin/../../lib/gcc/pic32mx/4.8.3/../../../../pic32mx/lib\libpic32.a(vector4.o)
                              C:\Users\mwlee\AppData\Local\Temp\cc6dYXvD.o (__vector_dispatch_4)
c:/program files (x86)/microchip/xc32/v2.15/bin/bin/../../lib/gcc/pic32mx/4.8.3/../../../../pic32mx/lib\libpic32.a(vector5.o)
                              C:\Users\mwlee\AppData\Local\Temp\cc6dYXvD.o (__vector_dispatch_5)
c:/program files (x86)/microchip/xc32/v2.15/bin/bin/../../lib/gcc/pic32mx/4.8.3/../../../../pic32mx/lib\libpic32.a(vector6.o)
                              C:\Users\mwlee\AppData\Local\Temp\cc6dYXvD.o (__vector_dispatch_6)
c:/program files (x86)/microchip/xc32/v2.15/bin/bin/../../lib/gcc/pic32mx/4.8.3/../../../../pic32mx/lib\libpic32.a(vector7.o)
                              C:\Users\mwlee\AppData\Local\Temp\cc6dYXvD.o (__vector_dispatch_7)
c:/program files (x86)/microchip/xc32/v2.15/bin/bin/../../lib/gcc/pic32mx/4.8.3/../../../../pic32mx/lib\libpic32.a(vector8.o)
                              C:\Users\mwlee\AppData\Local\Temp\cc6dYXvD.o (__vector_dispatch_8)
c:/program files (x86)/microchip/xc32/v2.15/bin/bin/../../lib/gcc/pic32mx/4.8.3/../../../../pic32mx/lib\libpic32.a(vector9.o)
                              C:\Users\mwlee\AppData\Local\Temp\cc6dYXvD.o (__vector_dispatch_9)
c:/program files (x86)/microchip/xc32/v2.15/bin/bin/../../lib/gcc/pic32mx/4.8.3/../../../../pic32mx/lib\libpic32.a(vector10.o)
                              C:\Users\mwlee\AppData\Local\Temp\cc6dYXvD.o (__vector_dispatch_10)
c:/program files (x86)/microchip/xc32/v2.15/bin/bin/../../lib/gcc/pic32mx/4.8.3/../../../../pic32mx/lib\libpic32.a(vector11.o)
                              C:\Users\mwlee\AppData\Local\Temp\cc6dYXvD.o (__vector_dispatch_11)
c:/program files (x86)/microchip/xc32/v2.15/bin/bin/../../lib/gcc/pic32mx/4.8.3/../../../../pic32mx/lib\libpic32.a(vector12.o)
                              C:\Users\mwlee\AppData\Local\Temp\cc6dYXvD.o (__vector_dispatch_12)
[...]
Memory Configuration

Name             Origin             Length             Attributes
kseg0_program_mem 0x9d000000         0x0001f000         xr
exception_mem    0x9d01f000         0x00001000
debug_exec_mem   0x9fc00490         0x00000760
kseg0_boot_mem   0x9fc00490         0x00000000
kseg1_boot_mem   0xbfc00000         0x00000490
config3          0xbfc00bf0         0x00000004
config2          0xbfc00bf4         0x00000004
config1          0xbfc00bf8         0x00000004
config0          0xbfc00bfc         0x00000004
kseg1_data_mem   0xa0000000         0x00008000         w !x
sfrs             0xbf800000         0x00100000
configsfrs       0xbfc00bf0         0x00000010
*default*        0x00000000         0xffffffff

Linker script and memory map

LOAD c:/program files (x86)/microchip/xc32/v2.15/bin/bin/../../lib/gcc/pic32mx/4.8.3/../../../../pic32mx/lib\debug-exception-return.o
LOAD build/default/production/_ext/74006194/sys_int_pic32.o
LOAD build/default/production/_ext/495391950/drv_usbfs.o
LOAD build/default/production/_ext/2122677765/usb_device.o
LOAD build/default/production/_ext/495391950/drv_usbfs_device.o
LOAD build/default/production/_ext/2122677765/usb_device_hid.o
LOAD build/default/production/_ext/1360937237/app.o
LOAD build/default/production/_ext/639803181/sys_clk_pic32mx.o
LOAD build/default/production/_ext/340578644/sys_devcon.o
LOAD build/default/production/_ext/340578644/sys_devcon_pic32mx.o
LOAD build/default/production/_ext/822048611/sys_ports_static.o
LOAD build/default/production/_ext/1688732426/system_init.o
LOAD build/default/production/_ext/1688732426/system_interrupt.o
LOAD build/default/production/_ext/1688732426/system_exceptions.o
LOAD build/default/production/_ext/1360937237/main.o
LOAD build/default/production/_ext/1688732426/system_tasks.o
LOAD build/default/production/_ext/1360937237/mouse.o
LOAD build/default/production/_ext/1360937237/imu.o
LOAD build/default/production/_ext/1360937237/ili2.o
LOAD ..\..\..\..\..\..\..\..\..\microchip\harmony\v2_06\bin\framework\peripheral\PIC32MX250F128B_peripherals.a
                0x00000001                __MPLAB_BUILD = 0x1
                0x00000200                _min_heap_size = 0x200
LOAD C:\Users\mwlee\AppData\Local\Temp\ccwUQeTy.o
LOAD C:\Users\mwlee\AppData\Local\Temp\cc5nByVw.o
LOAD C:\Users\mwlee\AppData\Local\Temp\cc6dYXvD.o
LOAD c:/program files (x86)/microchip/xc32/v2.15/bin/bin/../../lib/gcc/pic32mx/4.8.3/../../../../pic32mx/lib/./proc/32MX250F128B\default_isr_vectors.o
LOAD c:/program files (x86)/microchip/xc32/v2.15/bin/bin/../../lib/gcc/pic32mx/4.8.3/../../../../pic32mx/lib\pic32_software_reset.o
                0x00000400                PROVIDE (_min_stack_size, 0x400)
START GROUP
LOAD c:/program files (x86)/microchip/xc32/v2.15/bin/bin/../../lib/gcc/pic32mx/4.8.3/../../../../pic32mx/lib/./proc/32MX250F128B\processor.o
END GROUP
START GROUP
LOAD libmchp_peripheral.a
END GROUP
START GROUP
LOAD libmchp_peripheral_32MX250F128B.a
END GROUP
                0x00000001                PROVIDE (_vector_spacing, 0x1)
                0x9d01f000                PROVIDE (_ebase_address, 0x9d01f000)
                0xbfc00000                _RESET_ADDR = 0xbfc00000
                0xbfc00380                _BEV_EXCPT_ADDR = 0xbfc00380
                0xbfc00480                _DBG_EXCPT_ADDR = 0xbfc00480
                0x9fc00490                _DBG_CODE_ADDR = 0x9fc00490
                0x00000760                _DBG_CODE_SIZE = 0x760
                0x9d01f180                _GEN_EXCPT_ADDR = (_ebase_address + 0x180)

.config_BFC00BF0
                0xbfc00bf0        0x4
 *(.config_BFC00BF0)
 .config_BFC00BF0
                0xbfc00bf0        0x4 build/default/production/_ext/1688732426/system_init.o

.config_BFC00BF4
                0xbfc00bf4        0x4
 *(.config_BFC00BF4)
 .config_BFC00BF4
                0xbfc00bf4        0x4 build/default/production/_ext/1688732426/system_init.o

.config_BFC00BF8
                0xbfc00bf8        0x4
 *(.config_BFC00BF8)
 .config_BFC00BF8
                0xbfc00bf8        0x4 build/default/production/_ext/1688732426/system_init.o

.config_BFC00BFC
                0xbfc00bfc        0x4
 *(.config_BFC00BFC)
 .config_BFC00BFC
                0xbfc00bfc        0x4 build/default/production/_ext/1688732426/system_init.o
                0xbfc02000                PROVIDE (_DBG_CODE_ADDR, 0xbfc02000)
                0x00000ff0                PROVIDE (_DBG_CODE_SIZE, 0xff0)

.reset          0xbfc00000      0x184
 *(.reset)
 .reset         0xbfc00000        0x8 C:\Users\mwlee\AppData\Local\Temp\ccwUQeTy.o
                0xbfc00000                _reset
 *(.reset.startup)
 .reset.startup
                0xbfc00008      0x17c C:\Users\mwlee\AppData\Local\Temp\ccwUQeTy.o
                0xbfc00008                _startup

.bev_excpt      0xbfc00380       0x10
 *(.bev_handler)
 .bev_handler   0xbfc00380       0x10 C:\Users\mwlee\AppData\Local\Temp\ccwUQeTy.o

.dbg_excpt      0xbfc00480        0x0
                0xbfc00480                . = (. + DEFINED (_DEBUGGER)?0x8:0x0)

.dbg_code       0x9fc00490        0x0
                0x9fc00490                . = (. + DEFINED (_DEBUGGER)?_DBG_CODE_SIZE:0x0)

.app_excpt      0x9d01f180       0x10
 *(.gen_handler)
 .gen_handler   0x9d01f180       0x10 C:\Users\mwlee\AppData\Local\Temp\ccwUQeTy.o

.vector_0       0x9d01f200        0x8
 *(.vector_0)
 .vector_0      0x9d01f200        0x8 c:/program files (x86)/microchip/xc32/v2.15/bin/bin/../../lib/gcc/pic32mx/4.8.3/../../../../pic32mx/lib\libpic32.a(vector0.o)
                0x9d01f200                __vector_dispatch_0
                0x00000001                ASSERT (((_vector_spacing == 0x0) || (SIZEOF (.vector_0) <= (_vector_spacing << 0x5))), function at exception vector 0 too large)

.vector_1       0x9d01f220        0x8
 *(.vector_1)
 .vector_1      0x9d01f220        0x8 c:/program files (x86)/microchip/xc32/v2.15/bin/bin/../../lib/gcc/pic32mx/4.8.3/../../../../pic32mx/lib\libpic32.a(vector1.o)
                0x9d01f220                __vector_dispatch_1
                0x00000001                ASSERT (((_vector_spacing == 0x0) || (SIZEOF (.vector_1) <= (_vector_spacing << 0x5))), function at exception vector 1 too large)

.vector_2       0x9d01f240        0x8
 *(.vector_2)
 .vector_2      0x9d01f240        0x8 c:/program files (x86)/microchip/xc32/v2.15/bin/bin/../../lib/gcc/pic32mx/4.8.3/../../../../pic32mx/lib\libpic32.a(vector2.o)
                0x9d01f240                __vector_dispatch_2
                0x00000001                ASSERT (((_vector_spacing == 0x0) || (SIZEOF (.vector_2) <= (_vector_spacing << 0x5))), function at exception vector 2 too large)

.vector_3       0x9d01f260        0x8
 *(.vector_3)
 .vector_3      0x9d01f260        0x8 c:/program files (x86)/microchip/xc32/v2.15/bin/bin/../../lib/gcc/pic32mx/4.8.3/../../../../pic32mx/lib\libpic32.a(vector3.o)
                0x9d01f260                __vector_dispatch_3
                0x00000001                ASSERT (((_vector_spacing == 0x0) || (SIZEOF (.vector_3) <= (_vector_spacing << 0x5))), function at exception vector 3 too large)

.vector_4       0x9d01f280        0x8
 *(.vector_4)
 .vector_4      0x9d01f280        0x8 c:/program files (x86)/microchip/xc32/v2.15/bin/bin/../../lib/gcc/pic32mx/4.8.3/../../../../pic32mx/lib\libpic32.a(vector4.o)
                0x9d01f280                __vector_dispatch_4
                0x00000001                ASSERT (((_vector_spacing == 0x0) || (SIZEOF (.vector_4) <= (_vector_spacing << 0x5))), function at exception vector 4 too large)

.vector_5       0x9d01f2a0        0x8
 *(.vector_5)
 .vector_5      0x9d01f2a0        0x8 c:/program files (x86)/microchip/xc32/v2.15/bin/bin/../../lib/gcc/pic32mx/4.8.3/../../../../pic32mx/lib\libpic32.a(vector5.o)
                0x9d01f2a0                __vector_dispatch_5
                0x00000001                ASSERT (((_vector_spacing == 0x0) || (SIZEOF (.vector_5) <= (_vector_spacing << 0x5))), function at exception vector 5 too large)

.vector_6       0x9d01f2c0        0x8
 *(.vector_6)
 .vector_6      0x9d01f2c0        0x8 c:/program files (x86)/microchip/xc32/v2.15/bin/bin/../../lib/gcc/pic32mx/4.8.3/../../../../pic32mx/lib\libpic32.a(vector6.o)
                0x9d01f2c0                __vector_dispatch_6
                0x00000001                ASSERT (((_vector_spacing == 0x0) || (SIZEOF (.vector_6) <= (_vector_spacing << 0x5))), function at exception vector 6 too large)

.vector_7       0x9d01f2e0        0x8
 *(.vector_7)
 .vector_7      0x9d01f2e0        0x8 c:/program files (x86)/microchip/xc32/v2.15/bin/bin/../../lib/gcc/pic32mx/4.8.3/../../../../pic32mx/lib\libpic32.a(vector7.o)
                0x9d01f2e0                __vector_dispatch_7
                0x00000001                ASSERT (((_vector_spacing == 0x0) || (SIZEOF (.vector_7) <= (_vector_spacing << 0x5))), function at exception vector 7 too large)

.vector_8       0x9d01f300        0x8
 *(.vector_8)
 .vector_8      0x9d01f300        0x8 c:/program files (x86)/microchip/xc32/v2.15/bin/bin/../../lib/gcc/pic32mx/4.8.3/../../../../pic32mx/lib\libpic32.a(vector8.o)
                0x9d01f300                __vector_dispatch_8
                0x00000001                ASSERT (((_vector_spacing == 0x0) || (SIZEOF (.vector_8) <= (_vector_spacing << 0x5))), function at exception vector 8 too large)

.vector_9       0x9d01f320        0x8
 *(.vector_9)
 .vector_9      0x9d01f320        0x8 c:/program files (x86)/microchip/xc32/v2.15/bin/bin/../../lib/gcc/pic32mx/4.8.3/../../../../pic32mx/lib\libpic32.a(vector9.o)
                0x9d01f320                __vector_dispatch_9
                0x00000001                ASSERT (((_vector_spacing == 0x0) || (SIZEOF (.vector_9) <= (_vector_spacing << 0x5))), function at exception vector 9 too large)

.vector_10      0x9d01f340        0x8
 *(.vector_10)
 .vector_10     0x9d01f340        0x8 c:/program files (x86)/microchip/xc32/v2.15/bin/bin/../../lib/gcc/pic32mx/4.8.3/../../../../pic32mx/lib\libpic32.a(vector10.o)
                0x9d01f340                __vector_dispatch_10
                0x00000001                ASSERT (((_vector_spacing == 0x0) || (SIZEOF (.vector_10) <= (_vector_spacing << 0x5))), function at exception vector 10 too large)

.vector_11      0x9d01f360        0x8
 *(.vector_11)
 .vector_11     0x9d01f360        0x8 c:/program files (x86)/microchip/xc32/v2.15/bin/bin/../../lib/gcc/pic32mx/4.8.3/../../../../pic32mx/lib\libpic32.a(vector11.o)
                0x9d01f360                __vector_dispatch_11
                0x00000001                ASSERT (((_vector_spacing == 0x0) || (SIZEOF (.vector_11) <= (_vector_spacing << 0x5))), function at exception vector 11 too large)

.vector_12      0x9d01f380        0x8
 *(.vector_12)
 .vector_12     0x9d01f380        0x8 c:/program files (x86)/microchip/xc32/v2.15/bin/bin/../../lib/gcc/pic32mx/4.8.3/../../../../pic32mx/lib\libpic32.a(vector12.o)
                0x9d01f380                __vector_dispatch_12
                0x00000001                ASSERT (((_vector_spacing == 0x0) || (SIZEOF (.vector_12) <= (_vector_spacing << 0x5))), function at exception vector 12 too large)

.vector_13      0x9d01f3a0        0x8
 *(.vector_13)
 .vector_13     0x9d01f3a0        0x8 c:/program files (x86)/microchip/xc32/v2.15/bin/bin/../../lib/gcc/pic32mx/4.8.3/../../../../pic32mx/lib\libpic32.a(vector13.o)
                0x9d01f3a0                __vector_dispatch_13
                0x00000001                ASSERT (((_vector_spacing == 0x0) || (SIZEOF (.vector_13) <= (_vector_spacing << 0x5))), function at exception vector 13 too large)

.vector_14      0x9d01f3c0        0x8
 *(.vector_14)
 .vector_14     0x9d01f3c0        0x8 c:/program files (x86)/microchip/xc32/v2.15/bin/bin/../../lib/gcc/pic32mx/4.8.3/../../../../pic32mx/lib\libpic32.a(vector14.o)
                0x9d01f3c0                __vector_dispatch_14
                0x00000001                ASSERT (((_vector_spacing == 0x0) || (SIZEOF (.vector_14) <= (_vector_spacing << 0x5))), function at exception vector 14 too large)

.vector_15      0x9d01f3e0        0x8
 *(.vector_15)
 .vector_15     0x9d01f3e0        0x8 c:/program files (x86)/microchip/xc32/v2.15/bin/bin/../../lib/gcc/pic32mx/4.8.3/../../../../pic32mx/lib\libpic32.a(vector15.o)
                0x9d01f3e0                __vector_dispatch_15
                0x00000001                ASSERT (((_vector_spacing == 0x0) || (SIZEOF (.vector_15) <= (_vector_spacing << 0x5))), function at exception vector 15 too large)

.vector_16      0x9d01f400        0x8
 *(.vector_16)
 .vector_16     0x9d01f400        0x8 c:/program files (x86)/microchip/xc32/v2.15/bin/bin/../../lib/gcc/pic32mx/4.8.3/../../../../pic32mx/lib\libpic32.a(vector16.o)
                0x9d01f400                __vector_dispatch_16
                0x00000001                ASSERT (((_vector_spacing == 0x0) || (SIZEOF (.vector_16) <= (_vector_spacing << 0x5))), function at exception vector 16 too large)

.vector_17      0x9d01f420        0x8
 *(.vector_17)
 .vector_17     0x9d01f420        0x8 c:/program files (x86)/microchip/xc32/v2.15/bin/bin/../../lib/gcc/pic32mx/4.8.3/../../../../pic32mx/lib\libpic32.a(vector17.o)
                0x9d01f420                __vector_dispatch_17
                0x00000001                ASSERT (((_vector_spacing == 0x0) || (SIZEOF (.vector_17) <= (_vector_spacing << 0x5))), function at exception vector 17 too large)

.vector_18      0x9d01f440        0x8
 *(.vector_18)
 .vector_18     0x9d01f440        0x8 c:/program files (x86)/microchip/xc32/v2.15/bin/bin/../../lib/gcc/pic32mx/4.8.3/../../../../pic32mx/lib\libpic32.a(vector18.o)
                0x9d01f440                __vector_dispatch_18
                0x00000001                ASSERT (((_vector_spacing == 0x0) || (SIZEOF (.vector_18) <= (_vector_spacing << 0x5))), function at exception vector 18 too large)

.vector_19      0x9d01f460        0x8
 *(.vector_19)
 .vector_19     0x9d01f460        0x8 c:/program files (x86)/microchip/xc32/v2.15/bin/bin/../../lib/gcc/pic32mx/4.8.3/../../../../pic32mx/lib\libpic32.a(vector19.o)
                0x9d01f460                __vector_dispatch_19
                0x00000001                ASSERT (((_vector_spacing == 0x0) || (SIZEOF (.vector_19) <= (_vector_spacing << 0x5))), function at exception vector 19 too large)

.vector_20      0x9d01f480        0x8
 *(.vector_20)
 .vector_20     0x9d01f480        0x8 c:/program files (x86)/microchip/xc32/v2.15/bin/bin/../../lib/gcc/pic32mx/4.8.3/../../../../pic32mx/lib\libpic32.a(vector20.o)
                0x9d01f480                __vector_dispatch_20
                0x00000001                ASSERT (((_vector_spacing == 0x0) || (SIZEOF (.vector_20) <= (_vector_spacing << 0x5))), function at exception vector 20 too large)

.vector_21      0x9d01f4a0        0x8
 *(.vector_21)
 .vector_21     0x9d01f4a0        0x8 c:/program files (x86)/microchip/xc32/v2.15/bin/bin/../../lib/gcc/pic32mx/4.8.3/../../../../pic32mx/lib\libpic32.a(vector21.o)
                0x9d01f4a0                __vector_dispatch_21
                0x00000001                ASSERT (((_vector_spacing == 0x0) || (SIZEOF (.vector_21) <= (_vector_spacing << 0x5))), function at exception vector 21 too large)

.vector_22      0x9d01f4c0        0x8
 *(.vector_22)
 .vector_22     0x9d01f4c0        0x8 c:/program files (x86)/microchip/xc32/v2.15/bin/bin/../../lib/gcc/pic32mx/4.8.3/../../../../pic32mx/lib\libpic32.a(vector22.o)
                0x9d01f4c0                __vector_dispatch_22
                0x00000001                ASSERT (((_vector_spacing == 0x0) || (SIZEOF (.vector_22) <= (_vector_spacing << 0x5))), function at exception vector 22 too large)

.vector_23      0x9d01f4e0        0x8
 *(.vector_23)
 .vector_23     0x9d01f4e0        0x8 c:/program files (x86)/microchip/xc32/v2.15/bin/bin/../../lib/gcc/pic32mx/4.8.3/../../../../pic32mx/lib\libpic32.a(vector23.o)
                0x9d01f4e0                __vector_dispatch_23
                0x00000001                ASSERT (((_vector_spacing == 0x0) || (SIZEOF (.vector_23) <= (_vector_spacing << 0x5))), function at exception vector 23 too large)

.vector_24      0x9d01f500        0x8
 *(.vector_24)
 .vector_24     0x9d01f500        0x8 c:/program files (x86)/microchip/xc32/v2.15/bin/bin/../../lib/gcc/pic32mx/4.8.3/../../../../pic32mx/lib\libpic32.a(vector24.o)
                0x9d01f500                __vector_dispatch_24
                0x00000001                ASSERT (((_vector_spacing == 0x0) || (SIZEOF (.vector_24) <= (_vector_spacing << 0x5))), function at exception vector 24 too large)

.vector_25      0x9d01f520        0x8
 *(.vector_25)
 .vector_25     0x9d01f520        0x8 c:/program files (x86)/microchip/xc32/v2.15/bin/bin/../../lib/gcc/pic32mx/4.8.3/../../../../pic32mx/lib\libpic32.a(vector25.o)
                0x9d01f520                __vector_dispatch_25
                0x00000001                ASSERT (((_vector_spacing == 0x0) || (SIZEOF (.vector_25) <= (_vector_spacing << 0x5))), function at exception vector 25 too large)

.vector_26      0x9d01f540        0x8
 *(.vector_26)
 .vector_26     0x9d01f540        0x8 c:/program files (x86)/microchip/xc32/v2.15/bin/bin/../../lib/gcc/pic32mx/4.8.3/../../../../pic32mx/lib\libpic32.a(vector26.o)
                0x9d01f540                __vector_dispatch_26
                0x00000001                ASSERT (((_vector_spacing == 0x0) || (SIZEOF (.vector_26) <= (_vector_spacing << 0x5))), function at exception vector 26 too large)

.vector_27      0x9d01f560        0x8
 *(.vector_27)
 .vector_27     0x9d01f560        0x8 c:/program files (x86)/microchip/xc32/v2.15/bin/bin/../../lib/gcc/pic32mx/4.8.3/../../../../pic32mx/lib\libpic32.a(vector27.o)
                0x9d01f560                __vector_dispatch_27
                0x00000001                ASSERT (((_vector_spacing == 0x0) || (SIZEOF (.vector_27) <= (_vector_spacing << 0x5))), function at exception vector 27 too large)

.vector_28      0x9d01f580        0x8
 *(.vector_28)
 .vector_28     0x9d01f580        0x8 c:/program files (x86)/microchip/xc32/v2.15/bin/bin/../../lib/gcc/pic32mx/4.8.3/../../../../pic32mx/lib\libpic32.a(vector28.o)
                0x9d01f580                __vector_dispatch_28
                0x00000001                ASSERT (((_vector_spacing == 0x0) || (SIZEOF (.vector_28) <= (_vector_spacing << 0x5))), function at exception vector 28 too large)

.vector_29      0x9d01f5a0        0x8
 *(.vector_29)
 .vector_29     0x9d01f5a0        0x8 c:/program files (x86)/microchip/xc32/v2.15/bin/bin/../../lib/gcc/pic32mx/4.8.3/../../../../pic32mx/lib\libpic32.a(vector29.o)
                0x9d01f5a0                __vector_dispatch_29
                0x00000001                ASSERT (((_vector_spacing == 0x0) || (SIZEOF (.vector_29) <= (_vector_spacing << 0x5))), function at exception vector 29 too large)

.vector_30      0x9d01f5c0        0x8
 *(.vector_30)
 .vector_30     0x9d01f5c0        0x8 build/default/production/_ext/1688732426/system_interrupt.o
                0x9d01f5c0                __vector_dispatch_30
                0x00000001                ASSERT (((_vector_spacing == 0x0) || (SIZEOF (.vector_30) <= (_vector_spacing << 0x5))), function at exception vector 30 too large)

.vector_31      0x9d01f5e0        0x8
 *(.vector_31)
 .vector_31     0x9d01f5e0        0x8 c:/program files (x86)/microchip/xc32/v2.15/bin/bin/../../lib/gcc/pic32mx/4.8.3/../../../../pic32mx/lib\libpic32.a(vector31.o)
                0x9d01f5e0                __vector_dispatch_31
                0x00000001                ASSERT (((_vector_spacing == 0x0) || (SIZEOF (.vector_31) <= (_vector_spacing << 0x5))), function at exception vector 31 too large)

.vector_32      0x9d01f600        0x8
 *(.vector_32)
 .vector_32     0x9d01f600        0x8 c:/program files (x86)/microchip/xc32/v2.15/bin/bin/../../lib/gcc/pic32mx/4.8.3/../../../../pic32mx/lib\libpic32.a(vector32.o)
                0x9d01f600                __vector_dispatch_32
                0x00000001                ASSERT (((_vector_spacing == 0x0) || (SIZEOF (.vector_32) <= (_vector_spacing << 0x5))), function at exception vector 32 too large)

.vector_33      0x9d01f620        0x8
 *(.vector_33)
 .vector_33     0x9d01f620        0x8 c:/program files (x86)/microchip/xc32/v2.15/bin/bin/../../lib/gcc/pic32mx/4.8.3/../../../../pic32mx/lib\libpic32.a(vector33.o)
                0x9d01f620                __vector_dispatch_33
                0x00000001                ASSERT (((_vector_spacing == 0x0) || (SIZEOF (.vector_33) <= (_vector_spacing << 0x5))), function at exception vector 33 too large)

.vector_34      0x9d01f640        0x8
 *(.vector_34)
 .vector_34     0x9d01f640        0x8 c:/program files (x86)/microchip/xc32/v2.15/bin/bin/../../lib/gcc/pic32mx/4.8.3/../../../../pic32mx/lib\libpic32.a(vector34.o)
                0x9d01f640                __vector_dispatch_34
                0x00000001                ASSERT (((_vector_spacing == 0x0) || (SIZEOF (.vector_34) <= (_vector_spacing << 0x5))), function at exception vector 34 too large)

.vector_35      0x9d01f660        0x8
 *(.vector_35)
 .vector_35     0x9d01f660        0x8 c:/program files (x86)/microchip/xc32/v2.15/bin/bin/../../lib/gcc/pic32mx/4.8.3/../../../../pic32mx/lib\libpic32.a(vector35.o)
                0x9d01f660                __vector_dispatch_35
                0x00000001                ASSERT (((_vector_spacing == 0x0) || (SIZEOF (.vector_35) <= (_vector_spacing << 0x5))), function at exception vector 35 too large)

.vector_36      0x9d01f680        0x8
 *(.vector_36)
 .vector_36     0x9d01f680        0x8 c:/program files (x86)/microchip/xc32/v2.15/bin/bin/../../lib/gcc/pic32mx/4.8.3/../../../../pic32mx/lib\libpic32.a(vector36.o)
                0x9d01f680                __vector_dispatch_36
                0x00000001                ASSERT (((_vector_spacing == 0x0) || (SIZEOF (.vector_36) <= (_vector_spacing << 0x5))), function at exception vector 36 too large)

.vector_37      0x9d01f6a0        0x8
 *(.vector_37)
 .vector_37     0x9d01f6a0        0x8 c:/program files (x86)/microchip/xc32/v2.15/bin/bin/../../lib/gcc/pic32mx/4.8.3/../../../../pic32mx/lib\libpic32.a(vector37.o)
                0x9d01f6a0                __vector_dispatch_37
                0x00000001                ASSERT (((_vector_spacing == 0x0) || (SIZEOF (.vector_37) <= (_vector_spacing << 0x5))), function at exception vector 37 too large)

.vector_38      0x9d01f6c0        0x8
 *(.vector_38)
 .vector_38     0x9d01f6c0        0x8 c:/program files (x86)/microchip/xc32/v2.15/bin/bin/../../lib/gcc/pic32mx/4.8.3/../../../../pic32mx/lib\libpic32.a(vector38.o)
                0x9d01f6c0                __vector_dispatch_38
                0x00000001                ASSERT (((_vector_spacing == 0x0) || (SIZEOF (.vector_38) <= (_vector_spacing << 0x5))), function at exception vector 38 too large)

.vector_39      0x9d01f6e0        0x8
 *(.vector_39)
 .vector_39     0x9d01f6e0        0x8 c:/program files (x86)/microchip/xc32/v2.15/bin/bin/../../lib/gcc/pic32mx/4.8.3/../../../../pic32mx/lib\libpic32.a(vector39.o)
                0x9d01f6e0                __vector_dispatch_39
                0x00000001                ASSERT (((_vector_spacing == 0x0) || (SIZEOF (.vector_39) <= (_vector_spacing << 0x5))), function at exception vector 39 too large)

.vector_40      0x9d01f700        0x8
 *(.vector_40)
 .vector_40     0x9d01f700        0x8 c:/program files (x86)/microchip/xc32/v2.15/bin/bin/../../lib/gcc/pic32mx/4.8.3/../../../../pic32mx/lib\libpic32.a(vector40.o)
                0x9d01f700                __vector_dispatch_40
                0x00000001                ASSERT (((_vector_spacing == 0x0) || (SIZEOF (.vector_40) <= (_vector_spacing << 0x5))), function at exception vector 40 too large)

.vector_41      0x9d01f720        0x8
 *(.vector_41)
 .vector_41     0x9d01f720        0x8 c:/program files (x86)/microchip/xc32/v2.15/bin/bin/../../lib/gcc/pic32mx/4.8.3/../../../../pic32mx/lib\libpic32.a(vector41.o)
                0x9d01f720                __vector_dispatch_41
                0x00000001                ASSERT (((_vector_spacing == 0x0) || (SIZEOF (.vector_41) <= (_vector_spacing << 0x5))), function at exception vector 41 too large)

.vector_42      0x9d01f740        0x8
 *(.vector_42)
 .vector_42     0x9d01f740        0x8 c:/program files (x86)/microchip/xc32/v2.15/bin/bin/../../lib/gcc/pic32mx/4.8.3/../../../../pic32mx/lib\libpic32.a(vector42.o)
                0x9d01f740                __vector_dispatch_42
                0x00000001                ASSERT (((_vector_spacing == 0x0) || (SIZEOF (.vector_42) <= (_vector_spacing << 0x5))), function at exception vector 42 too large)

.vector_43      0x9d01f760        0x8
 *(.vector_43)
 .vector_43     0x9d01f760        0x8 c:/program files (x86)/microchip/xc32/v2.15/bin/bin/../../lib/gcc/pic32mx/4.8.3/../../../../pic32mx/lib\libpic32.a(vector43.o)
                0x9d01f760                __vector_dispatch_43
                0x00000001                ASSERT (((_vector_spacing == 0x0) || (SIZEOF (.vector_43) <= (_vector_spacing << 0x5))), function at exception vector 43 too large)

.vector_44      0x9d01f780        0x0
 *(.vector_44)
                0x00000001                ASSERT (((_vector_spacing == 0x0) || (SIZEOF (.vector_44) <= (_vector_spacing << 0x5))), function at exception vector 44 too large)

.vector_45      0x9d01f7a0        0x0
 *(.vector_45)
                0x00000001                ASSERT (((_vector_spacing == 0x0) || (SIZEOF (.vector_45) <= (_vector_spacing << 0x5))), function at exception vector 45 too large)

.vector_46      0x9d01f7c0        0x0
 *(.vector_46)
                0x00000001                ASSERT (((_vector_spacing == 0x0) || (SIZEOF (.vector_46) <= (_vector_spacing << 0x5))), function at exception vector 46 too large)

.vector_47      0x9d01f7e0        0x0
 *(.vector_47)
                0x00000001                ASSERT (((_vector_spacing == 0x0) || (SIZEOF (.vector_47) <= (_vector_spacing << 0x5))), function at exception vector 47 too large)

.vector_48      0x9d01f800        0x0
 *(.vector_48)
                0x00000001                ASSERT (((_vector_spacing == 0x0) || (SIZEOF (.vector_48) <= (_vector_spacing << 0x5))), function at exception vector 48 too large)

.vector_49      0x9d01f820        0x0
 *(.vector_49)
                0x00000001                ASSERT (((_vector_spacing == 0x0) || (SIZEOF (.vector_49) <= (_vector_spacing << 0x5))), function at exception vector 49 too large)

.vector_50      0x9d01f840        0x0
 *(.vector_50)
                0x00000001                ASSERT (((_vector_spacing == 0x0) || (SIZEOF (.vector_50) <= (_vector_spacing << 0x5))), function at exception vector 50 too large)

.vector_51      0x9d01f860        0x0
 *(.vector_51)
                0x00000001                ASSERT (((_vector_spacing == 0x0) || (SIZEOF (.vector_51) <= (_vector_spacing << 0x5))), function at exception vector 51 too large)

.vector_52      0x9d01f880        0x0
 *(.vector_52)
                0x00000001                ASSERT (((_vector_spacing == 0x0) || (SIZEOF (.vector_52) <= (_vector_spacing << 0x5))), function at exception vector 52 too large)

.vector_53      0x9d01f8a0        0x0
 *(.vector_53)
                0x00000001                ASSERT (((_vector_spacing == 0x0) || (SIZEOF (.vector_53) <= (_vector_spacing << 0x5))), function at exception vector 53 too large)

.vector_54      0x9d01f8c0        0x0
 *(.vector_54)
                0x00000001                ASSERT (((_vector_spacing == 0x0) || (SIZEOF (.vector_54) <= (_vector_spacing << 0x5))), function at exception vector 54 too large)

.vector_55      0x9d01f8e0        0x0
 *(.vector_55)
                0x00000001                ASSERT (((_vector_spacing == 0x0) || (SIZEOF (.vector_55) <= (_vector_spacing << 0x5))), function at exception vector 55 too large)

.vector_56      0x9d01f900        0x0
 *(.vector_56)
                0x00000001                ASSERT (((_vector_spacing == 0x0) || (SIZEOF (.vector_56) <= (_vector_spacing << 0x5))), function at exception vector 56 too large)

.vector_57      0x9d01f920        0x0
 *(.vector_57)
                0x00000001                ASSERT (((_vector_spacing == 0x0) || (SIZEOF (.vector_57) <= (_vector_spacing << 0x5))), function at exception vector 57 too large)

.vector_58      0x9d01f940        0x0
 *(.vector_58)
                0x00000001                ASSERT (((_vector_spacing == 0x0) || (SIZEOF (.vector_58) <= (_vector_spacing << 0x5))), function at exception vector 58 too large)

.vector_59      0x9d01f960        0x0
 *(.vector_59)
                0x00000001                ASSERT (((_vector_spacing == 0x0) || (SIZEOF (.vector_59) <= (_vector_spacing << 0x5))), function at exception vector 59 too large)

.vector_60      0x9d01f980        0x0
 *(.vector_60)
                0x00000001                ASSERT (((_vector_spacing == 0x0) || (SIZEOF (.vector_60) <= (_vector_spacing << 0x5))), function at exception vector 60 too large)

.vector_61      0x9d01f9a0        0x0
 *(.vector_61)
                0x00000001                ASSERT (((_vector_spacing == 0x0) || (SIZEOF (.vector_61) <= (_vector_spacing << 0x5))), function at exception vector 61 too large)

.vector_62      0x9d01f9c0        0x0
 *(.vector_62)
                0x00000001                ASSERT (((_vector_spacing == 0x0) || (SIZEOF (.vector_62) <= (_vector_spacing << 0x5))), function at exception vector 62 too large)

.vector_63      0x9d01f9e0        0x0
 *(.vector_63)
                0x00000001                ASSERT (((_vector_spacing == 0x0) || (SIZEOF (.vector_63) <= (_vector_spacing << 0x5))), function at exception vector 63 too large)

.startup
 *(.startup)

.text           0x9d000000        0x0
 *(.stub .gnu.linkonce.t.*)
 *(.text.*personality*)
 *(.mips16.fn.*)
 *(.mips16.call.*)
 *(.gnu.warning)
                0x9d000000                . = ALIGN (0x4)

.init           0x9d000000        0x0
 *crti.o(.init)
 *crtbegin.o(.init)
 *(EXCLUDE_FILE(*crtn.o *crtend?.o *crtend.o) .init)
 *crtend.o(.init)
 *crtn.o(.init)
                0x9d000000                . = ALIGN (0x4)

.fini           0x9d000000        0x0
 *(.fini)
                0x9d000000                . = ALIGN (0x4)

.preinit_array  0x9d000000        0x0
                0x9d000000                PROVIDE (__preinit_array_start, .)
 *(.preinit_array)
                0x9d000000                PROVIDE (__preinit_array_end, .)
                0x9d000000                . = ALIGN (0x4)

.init_array     0x9d000000        0x0
                0x9d000000                PROVIDE (__init_array_start, .)
 *(SORT(.init_array.*))
 *(.init_array)
                0x9d000000                PROVIDE (__init_array_end, .)
                0x9d000000                . = ALIGN (0x4)

.fini_array     0x9d000000        0x0
                0x9d000000                PROVIDE (__fini_array_start, .)
 *(SORT(.fini_array.*))
 *(.fini_array)
                0x9d000000                PROVIDE (__fini_array_end, .)
                0x9d000000                . = ALIGN (0x4)

.ctors          0x9d000000        0x0
 *crtbegin.o(.ctors)
 *crtbegin?.o(.ctors)
 *(EXCLUDE_FILE(*crtend?.o *crtend.o) .ctors)
 *(SORT(.ctors.*))
 *(.ctors)
                0x9d000000                . = ALIGN (0x4)

.dtors          0x9d000000        0x0
 *crtbegin.o(.dtors)
 *crtbegin?.o(.dtors)
 *(EXCLUDE_FILE(*crtend?.o *crtend.o) .dtors)
 *(SORT(.dtors.*))
 *(.dtors)
                0x9d000000                . = ALIGN (0x4)

.rodata         0x9d000000        0x0
 *(.gnu.linkonce.r.*)
 *(.rodata1)
                0x9d000000                . = ALIGN (0x4)

.sdata2         0x9fc00490        0x0
 *(.sdata2 .sdata2.* .gnu.linkonce.s2.*)
                0x9fc00490                . = ALIGN (0x4)

.sbss2          0x9fc00490        0x0
 *(.sbss2 .sbss2.* .gnu.linkonce.sb2.*)
                0x9fc00490                . = ALIGN (0x4)

.eh_frame_hdr
 *(.eh_frame_hdr)
                0x9fc00490                . = ALIGN (0x4)

.eh_frame
 *(.eh_frame)
                0x9fc00490                . = ALIGN (0x4)

.gcc_except_table
 *(.gcc_except_table .gcc_except_table.*)
                0x9fc00490                . = ALIGN (0x4)

.dbg_data       0xa0000000        0x0
                0xa0000000                . = (. + DEFINED (_DEBUGGER)?0x200:0x0)

.jcr            0xa0000000        0x0
 *(.jcr)
                0xa0000000                . = ALIGN (0x4)

.eh_frame
 *(.eh_frame)
                0xa0000000                . = ALIGN (0x4)

.gcc_except_table
 *(.gcc_except_table .gcc_except_table.*)
                0xa0000000                . = ALIGN (0x4)

.persist        0xa0000000        0x0
                0xa0000000                _persist_begin = .
 *(.persist .persist.*)
 *(.pbss .pbss.*)
                0xa0000000                . = ALIGN (0x4)
                0xa0000000                _persist_end = .

.data           0xa0000000        0x0
 *(.gnu.linkonce.d.*)
 *(.data1)
                0xa0000000                . = ALIGN (0x4)
                0xa0000000                . = .
                0xa0007ff0                _gp = (ALIGN (0x10) + 0x7ff0)

.got            0xa0000000        0x0
 *(.got.plt)
 *(.got)
                0xa0000000                . = ALIGN (0x4)

.sdata          0xa0000000        0x4
                0xa0000000                _sdata_begin = .
 *(.sdata .sdata.* .gnu.linkonce.s.*)
 .sdata         0xa0000000        0x4 build/default/production/_ext/1360937237/app.o
                0xa0000000                arlength
                0xa0000004                . = ALIGN (0x4)
                0xa0000004                _sdata_end = .

.lit8
 *(.lit8)

.lit4
 *(.lit4)
                0xa0000004                . = ALIGN (0x4)
                0xa0000004                _data_end = .
                0xa0000004                _bss_begin = .

.sbss           0xa0000004       0x40
                0xa0000004                _sbss_begin = .
 *(.dynsbss)
 *(.sbss .sbss.* .gnu.linkonce.sb.*)
 .sbss          0xa0000004        0x1 build/default/production/_ext/2122677765/usb_device_hid.o
 *fill*         0xa0000005        0x3 
 .sbss          0xa0000008        0xc build/default/production/_ext/1688732426/system_exceptions.o
 *(.scommon)
 .scommon       0xa0000014        0x2 build/default/production/_ext/2122677765/usb_device_hid.o
                0xa0000014                gUSBDeviceHidCommonDataObj
 *fill*         0xa0000016        0x2 
 .scommon       0xa0000018       0x1a build/default/production/_ext/1360937237/app.o
                0xa0000018                percent1
                0xa000001a                x
                0xa000001c                mouseReportPrevious
                0xa0000020                percent3
                0xa0000024                z
                0xa0000028                mouseReport
                0xa000002c                percent2
                0xa000002e                y
                0xa0000030                percent4
 *fill*         0xa0000032        0x2 
 .scommon       0xa0000034        0x8 build/default/production/_ext/340578644/sys_devcon.o
                0xa0000034                sysDevconObj
 .scommon       0xa000003c        0x8 build/default/production/_ext/1688732426/system_init.o
                0xa000003c                sysObj
                0xa0000044                _sbss_end = .
                0xa0000044                . = ALIGN (0x4)

.bss            0xa0000200      0x240
 *(.dynbss)
 *(COMMON)
 COMMON         0xa0000200       0x98 build/default/production/_ext/495391950/drv_usbfs.o
                0xa0000200                gDrvUSBGroup
 COMMON         0xa0000298       0x70 build/default/production/_ext/2122677765/usb_device_hid.o
                0xa0000298                gUsbDeviceHidInstance
                0xa00002c0                gUSBDeviceHIDIRP
 COMMON         0xa0000308       0x36 build/default/production/_ext/1360937237/app.o
                0xa0000308                appData
                0xa0000330                array
 *fill*         0xa000033e       0xc2 
 COMMON         0xa0000400       0x40 build/default/production/_ext/1688732426/system_init.o
                0xa0000400                endPointTable
                0xa0000440                . = ALIGN ((. != 0x0)?0x4:0x1)
                0xa0000440                . = ALIGN (0x4)
                0xa0000440                _end = .
                0xa0000440                _bss_end = .
                0x00008000                _bmxdudba_address = 0x8000
                0x00008000                _bmxdupba_address = 0x8000

/DISCARD/
 *(.pdr)
 *(.rel.dyn)
 *(.note.GNU-stack)
 *(.note.GNU-stack)
 *(.gnu_debuglink)
 *(.gnu.lto_*)
 *(.discard)

.gptab.sdata
 *(.gptab.data)
 *(.gptab.sdata)

.gptab.sbss
 *(.gptab.bss)
 *(.gptab.sbss)

.mdebug.abi32   0xa0000440        0x0
 *(.mdebug.abi32)
 .mdebug.abi32  0xa0000440        0x0 build/default/production/_ext/74006194/sys_int_pic32.o
 .mdebug.abi32  0xa0000440        0x0 build/default/production/_ext/495391950/drv_usbfs.o
 .mdebug.abi32  0xa0000440        0x0 build/default/production/_ext/2122677765/usb_device.o
 .mdebug.abi32  0xa0000440        0x0 build/default/production/_ext/495391950/drv_usbfs_device.o
 .mdebug.abi32  0xa0000440        0x0 build/default/production/_ext/2122677765/usb_device_hid.o
 .mdebug.abi32  0xa0000440        0x0 build/default/production/_ext/1360937237/app.o
 .mdebug.abi32  0xa0000440        0x0 build/default/production/_ext/639803181/sys_clk_pic32mx.o
 .mdebug.abi32  0xa0000440        0x0 build/default/production/_ext/340578644/sys_devcon.o
 .mdebug.abi32  0xa0000440        0x0 build/default/production/_ext/340578644/sys_devcon_pic32mx.o
 .mdebug.abi32  0xa0000440        0x0 build/default/production/_ext/822048611/sys_ports_static.o
 .mdebug.abi32  0xa0000440        0x0 build/default/production/_ext/1688732426/system_init.o
 .mdebug.abi32  0xa0000440        0x0 build/default/production/_ext/1688732426/system_interrupt.o
 .mdebug.abi32  0xa0000440        0x0 build/default/production/_ext/1688732426/system_exceptions.o
 .mdebug.abi32  0xa0000440        0x0 build/default/production/_ext/1360937237/main.o
 .mdebug.abi32  0xa0000440        0x0 build/default/production/_ext/1688732426/system_tasks.o
 .mdebug.abi32  0xa0000440        0x0 build/default/production/_ext/1360937237/mouse.o
 .mdebug.abi32  0xa0000440        0x0 build/default/production/_ext/1360937237/imu.o
 .mdebug.abi32  0xa0000440        0x0 build/default/production/_ext/1360937237/ili2.o
 .mdebug.abi32  0xa0000440        0x0 c:/program files (x86)/microchip/xc32/v2.15/bin/bin/../../lib/gcc/pic32mx/4.8.3/../../../../pic32mx/lib\libpic32.a(default-bootstrap-exception-handler.o)
 .mdebug.abi32  0xa0000440        0x0 c:/program files (x86)/microchip/xc32/v2.15/bin/bin/../../lib/gcc/pic32mx/4.8.3/../../../../pic32mx/lib\libpic32.a(default-on-reset.o)
 .mdebug.abi32  0xa0000440        0x0 c:/program files (x86)/microchip/xc32/v2.15/bin/bin/../../lib/gcc/pic32mx/4.8.3/../../../../pic32mx/lib\libpic32.a(default-on-bootstrap.o)
 .mdebug.abi32  0xa0000440        0x0 c:/program files (x86)/microchip/xc32/v2.15/bin/bin/../../lib/gcc/pic32mx/4.8.3/../../../../pic32mx/lib\libpic32.a(defaultinterrupt.o)

.mdebug.abiN32
 *(.mdebug.abiN32)

.mdebug.abi64
 *(.mdebug.abi64)

.mdebug.abiO64
 *(.mdebug.abiO64)

.mdebug.eabi32
 *(.mdebug.eabi32)

.mdebug.eabi64
 *(.mdebug.eabi64)

.gcc_compiled_long32
 *(.gcc_compiled_long32)

.gcc_compiled_long64
 *(.gcc_compiled_long64)

.stab
 *(.stab)

.stabstr
 *(.stabstr)

.stab.excl
 *(.stab.excl)

.stab.exclstr
 *(.stab.exclstr)

.stab.index
 *(.stab.index)

.stab.indexstr
 *(.stab.indexstr)

.comment        0x00000000       0x54
 *(.comment)
 .comment       0x00000000       0x3c build/default/production/_ext/74006194/sys_int_pic32.o
                                 0x3d (size before relaxing)
 .comment       0x00000000       0x3d build/default/production/_ext/495391950/drv_usbfs.o
 .comment       0x00000000       0x3d build/default/production/_ext/2122677765/usb_device.o
 .comment       0x00000000       0x3d build/default/production/_ext/495391950/drv_usbfs_device.o
 .comment       0x00000000       0x3d build/default/production/_ext/2122677765/usb_device_hid.o
 .comment       0x00000000       0x3d build/default/production/_ext/1360937237/app.o
 .comment       0x00000000       0x3d build/default/production/_ext/639803181/sys_clk_pic32mx.o
 .comment       0x00000000       0x3d build/default/production/_ext/340578644/sys_devcon.o
 .comment       0x00000000       0x3d build/default/production/_ext/340578644/sys_devcon_pic32mx.o
 .comment       0x00000000       0x3d build/default/production/_ext/822048611/sys_ports_static.o
 .comment       0x00000000       0x3d build/default/production/_ext/1688732426/system_init.o
 .comment       0x00000000       0x3d build/default/production/_ext/1688732426/system_interrupt.o
 .comment       0x00000000       0x3d build/default/production/_ext/1688732426/system_exceptions.o
 .comment       0x00000000       0x3d build/default/production/_ext/1360937237/main.o
 .comment       0x00000000       0x3d build/default/production/_ext/1688732426/system_tasks.o
 .comment       0x00000000       0x3d build/default/production/_ext/1360937237/mouse.o
 .comment       0x00000000       0x3d build/default/production/_ext/1360937237/imu.o
 .comment       0x00000000       0x3d build/default/production/_ext/1360937237/ili2.o
 .comment       0x0000003c       0x18 c:/program files (x86)/microchip/xc32/v2.15/bin/bin/../../lib/gcc/pic32mx/4.8.3/../../../../pic32mx/lib\libpic32.a(memcmp.o)
                                 0x19 (size before relaxing)
 .comment       0x00000000       0x3d c:/program files (x86)/microchip/xc32/v2.15/bin/bin/../../lib/gcc/pic32mx/4.8.3/../../../../pic32mx/lib\libpic32.a(default-bootstrap-exception-handler.o)
 .comment       0x00000000       0x3d c:/program files (x86)/microchip/xc32/v2.15/bin/bin/../../lib/gcc/pic32mx/4.8.3/../../../../pic32mx/lib\libpic32.a(default-on-reset.o)
 .comment       0x00000000       0x3d c:/program files (x86)/microchip/xc32/v2.15/bin/bin/../../lib/gcc/pic32mx/4.8.3/../../../../pic32mx/lib\libpic32.a(default-on-bootstrap.o)
 .comment       0x00000000       0x3d c:/program files (x86)/microchip/xc32/v2.15/bin/bin/../../lib/gcc/pic32mx/4.8.3/../../../../pic32mx/lib\libpic32.a(defaultinterrupt.o)

.debug
 *(.debug)

.line
 *(.line)

.debug_srcinfo
 *(.debug_srcinfo)

.debug_sfnames
 *(.debug_sfnames)

.debug_aranges  0x00000000      0x820
 *(.debug_aranges)
 .debug_aranges
                0x00000000       0x48 build/default/production/_ext/74006194/sys_int_pic32.o
 .debug_aranges
                0x00000048       0x60 build/default/production/_ext/495391950/drv_usbfs.o
 .debug_aranges
                0x000000a8      0x1a0 build/default/production/_ext/2122677765/usb_device.o
 .debug_aranges
                0x00000248       0xc0 build/default/production/_ext/495391950/drv_usbfs_device.o
 .debug_aranges
                0x00000308       0x68 build/default/production/_ext/2122677765/usb_device_hid.o
 .debug_aranges
                0x00000370       0x38 build/default/production/_ext/1360937237/app.o
 .debug_aranges
                0x000003a8       0x50 build/default/production/_ext/639803181/sys_clk_pic32mx.o
 .debug_aranges
                0x000003f8       0x78 build/default/production/_ext/340578644/sys_devcon.o
 .debug_aranges
                0x00000470       0x20 build/default/production/_ext/340578644/sys_devcon_pic32mx.o
 .debug_aranges
                0x00000490      0x148 build/default/production/_ext/822048611/sys_ports_static.o
 .debug_aranges
                0x000005d8       0x20 build/default/production/_ext/1688732426/system_init.o
 .debug_aranges
                0x000005f8       0x20 build/default/production/_ext/1688732426/system_interrupt.o
 .debug_aranges
                0x00000618       0x20 build/default/production/_ext/1688732426/system_exceptions.o
 .debug_aranges
                0x00000638       0x20 build/default/production/_ext/1360937237/main.o
 .debug_aranges
                0x00000658       0x20 build/default/production/_ext/1688732426/system_tasks.o
 .debug_aranges
                0x00000678       0x20 build/default/production/_ext/1360937237/mouse.o
 .debug_aranges
                0x00000698       0x68 build/default/production/_ext/1360937237/imu.o
 .debug_aranges
                0x00000700       0xa0 build/default/production/_ext/1360937237/ili2.o
 .debug_aranges
                0x000007a0       0x20 c:/program files (x86)/microchip/xc32/v2.15/bin/bin/../../lib/gcc/pic32mx/4.8.3/../../../../pic32mx/lib\libpic32.a(default-bootstrap-exception-handler.o)
 .debug_aranges
                0x000007c0       0x20 c:/program files (x86)/microchip/xc32/v2.15/bin/bin/../../lib/gcc/pic32mx/4.8.3/../../../../pic32mx/lib\libpic32.a(default-on-reset.o)
 .debug_aranges
                0x000007e0       0x20 c:/program files (x86)/microchip/xc32/v2.15/bin/bin/../../lib/gcc/pic32mx/4.8.3/../../../../pic32mx/lib\libpic32.a(default-on-bootstrap.o)
 .debug_aranges
                0x00000800       0x20 c:/program files (x86)/microchip/xc32/v2.15/bin/bin/../../lib/gcc/pic32mx/4.8.3/../../../../pic32mx/lib\libpic32.a(defaultinterrupt.o)

.debug_pubnames
 *(.debug_pubnames)

.debug_info     0x00000000    0x2aa4c
 *(.debug_info .gnu.linkonce.wi.*)
 .debug_info    0x00000000     0x1142 build/default/production/_ext/74006194/sys_int_pic32.o
 .debug_info    0x00001142     0x49b7 build/default/production/_ext/495391950/drv_usbfs.o
 .debug_info    0x00005af9     0x5c90 build/default/production/_ext/2122677765/usb_device.o
 .debug_info    0x0000b789     0x7fb7 build/default/production/_ext/495391950/drv_usbfs_device.o
 .debug_info    0x00013740     0x32ee build/default/production/_ext/2122677765/usb_device_hid.o
 .debug_info    0x00016a2e     0x2170 build/default/production/_ext/1360937237/app.o
 .debug_info    0x00018b9e     0x18a6 build/default/production/_ext/639803181/sys_clk_pic32mx.o
 .debug_info    0x0001a444     0x165c build/default/production/_ext/340578644/sys_devcon.o
 .debug_info    0x0001baa0     0x107e build/default/production/_ext/340578644/sys_devcon_pic32mx.o
 .debug_info    0x0001cb1e     0x37b6 build/default/production/_ext/822048611/sys_ports_static.o
 .debug_info    0x000202d4     0x4633 build/default/production/_ext/1688732426/system_init.o
 .debug_info    0x00024907      0xc1d build/default/production/_ext/1688732426/system_interrupt.o
 .debug_info    0x00025524     0x1453 build/default/production/_ext/1688732426/system_exceptions.o
 .debug_info    0x00026977      0x1b7 build/default/production/_ext/1360937237/main.o
 .debug_info    0x00026b2e      0xc50 build/default/production/_ext/1688732426/system_tasks.o
 .debug_info    0x0002777e      0x4b2 build/default/production/_ext/1360937237/mouse.o
 .debug_info    0x00027c30      0x9ee build/default/production/_ext/1360937237/imu.o
 .debug_info    0x0002861e     0x209d build/default/production/_ext/1360937237/ili2.o
 .debug_info    0x0002a6bb       0xf9 c:/program files (x86)/microchip/xc32/v2.15/bin/bin/../../lib/gcc/pic32mx/4.8.3/../../../../pic32mx/lib\libpic32.a(default-bootstrap-exception-handler.o)
 .debug_info    0x0002a7b4       0xd2 c:/program files (x86)/microchip/xc32/v2.15/bin/bin/../../lib/gcc/pic32mx/4.8.3/../../../../pic32mx/lib\libpic32.a(default-on-reset.o)
 .debug_info    0x0002a886       0xda c:/program files (x86)/microchip/xc32/v2.15/bin/bin/../../lib/gcc/pic32mx/4.8.3/../../../../pic32mx/lib\libpic32.a(default-on-bootstrap.o)
 .debug_info    0x0002a960       0xec c:/program files (x86)/microchip/xc32/v2.15/bin/bin/../../lib/gcc/pic32mx/4.8.3/../../../../pic32mx/lib\libpic32.a(defaultinterrupt.o)

.debug_abbrev   0x00000000     0x2c0f
 *(.debug_abbrev)
 .debug_abbrev  0x00000000      0x237 build/default/production/_ext/74006194/sys_int_pic32.o
 .debug_abbrev  0x00000237      0x42b build/default/production/_ext/495391950/drv_usbfs.o
 .debug_abbrev  0x00000662      0x42f build/default/production/_ext/2122677765/usb_device.o
 .debug_abbrev  0x00000a91      0x4bc build/default/production/_ext/495391950/drv_usbfs_device.o
 .debug_abbrev  0x00000f4d      0x40f build/default/production/_ext/2122677765/usb_device_hid.o
 .debug_abbrev  0x0000135c      0x2af build/default/production/_ext/1360937237/app.o
 .debug_abbrev  0x0000160b      0x26b build/default/production/_ext/639803181/sys_clk_pic32mx.o
 .debug_abbrev  0x00001876      0x2a0 build/default/production/_ext/340578644/sys_devcon.o
 .debug_abbrev  0x00001b16      0x204 build/default/production/_ext/340578644/sys_devcon_pic32mx.o
 .debug_abbrev  0x00001d1a      0x29e build/default/production/_ext/822048611/sys_ports_static.o
 .debug_abbrev  0x00001fb8      0x357 build/default/production/_ext/1688732426/system_init.o
 .debug_abbrev  0x0000230f      0x107 build/default/production/_ext/1688732426/system_interrupt.o
 .debug_abbrev  0x00002416      0x109 build/default/production/_ext/1688732426/system_exceptions.o
 .debug_abbrev  0x0000251f       0x93 build/default/production/_ext/1360937237/main.o
 .debug_abbrev  0x000025b2      0x11a build/default/production/_ext/1688732426/system_tasks.o
 .debug_abbrev  0x000026cc      0x122 build/default/production/_ext/1360937237/mouse.o
 .debug_abbrev  0x000027ee      0x15f build/default/production/_ext/1360937237/imu.o
 .debug_abbrev  0x0000294d      0x222 build/default/production/_ext/1360937237/ili2.o
 .debug_abbrev  0x00002b6f       0x28 c:/program files (x86)/microchip/xc32/v2.15/bin/bin/../../lib/gcc/pic32mx/4.8.3/../../../../pic32mx/lib\libpic32.a(default-bootstrap-exception-handler.o)
 .debug_abbrev  0x00002b97       0x28 c:/program files (x86)/microchip/xc32/v2.15/bin/bin/../../lib/gcc/pic32mx/4.8.3/../../../../pic32mx/lib\libpic32.a(default-on-reset.o)
 .debug_abbrev  0x00002bbf       0x28 c:/program files (x86)/microchip/xc32/v2.15/bin/bin/../../lib/gcc/pic32mx/4.8.3/../../../../pic32mx/lib\libpic32.a(default-on-bootstrap.o)
 .debug_abbrev  0x00002be7       0x28 c:/program files (x86)/microchip/xc32/v2.15/bin/bin/../../lib/gcc/pic32mx/4.8.3/../../../../pic32mx/lib\libpic32.a(defaultinterrupt.o)

.debug_line     0x00000000     0x57bd
 *(.debug_line)
 .debug_line    0x00000000      0x2d1 build/default/production/_ext/74006194/sys_int_pic32.o
 .debug_line    0x000002d1      0x73f build/default/production/_ext/495391950/drv_usbfs.o
 .debug_line    0x00000a10      0x9db build/default/production/_ext/2122677765/usb_device.o
 .debug_line    0x000013eb      0xd9e build/default/production/_ext/495391950/drv_usbfs_device.o
 .debug_line    0x00002189      0x58a build/default/production/_ext/2122677765/usb_device_hid.o
 .debug_line    0x00002713      0x361 build/default/production/_ext/1360937237/app.o
 .debug_line    0x00002a74      0x471 build/default/production/_ext/639803181/sys_clk_pic32mx.o
 .debug_line    0x00002ee5      0x61a build/default/production/_ext/340578644/sys_devcon.o
 .debug_line    0x000034ff      0x38a build/default/production/_ext/340578644/sys_devcon_pic32mx.o
 .debug_line    0x00003889      0x7f4 build/default/production/_ext/822048611/sys_ports_static.o
 .debug_line    0x0000407d      0x655 build/default/production/_ext/1688732426/system_init.o
 .debug_line    0x000046d2      0x1f7 build/default/production/_ext/1688732426/system_interrupt.o
 .debug_line    0x000048c9      0x1d9 build/default/production/_ext/1688732426/system_exceptions.o
 .debug_line    0x00004aa2       0xcb build/default/production/_ext/1360937237/main.o
 .debug_line    0x00004b6d      0x282 build/default/production/_ext/1688732426/system_tasks.o
 .debug_line    0x00004def      0x140 build/default/production/_ext/1360937237/mouse.o
 .debug_line    0x00004f2f      0x205 build/default/production/_ext/1360937237/imu.o
 .debug_line    0x00005134      0x400 build/default/production/_ext/1360937237/ili2.o
 .debug_line    0x00005534       0xab c:/program files (x86)/microchip/xc32/v2.15/bin/bin/../../lib/gcc/pic32mx/4.8.3/../../../../pic32mx/lib\libpic32.a(default-bootstrap-exception-handler.o)
 .debug_line    0x000055df       0x98 c:/program files (x86)/microchip/xc32/v2.15/bin/bin/../../lib/gcc/pic32mx/4.8.3/../../../../pic32mx/lib\libpic32.a(default-on-reset.o)
 .debug_line    0x00005677       0x9c c:/program files (x86)/microchip/xc32/v2.15/bin/bin/../../lib/gcc/pic32mx/4.8.3/../../../../pic32mx/lib\libpic32.a(default-on-bootstrap.o)
 .debug_line    0x00005713       0xaa c:/program files (x86)/microchip/xc32/v2.15/bin/bin/../../lib/gcc/pic32mx/4.8.3/../../../../pic32mx/lib\libpic32.a(defaultinterrupt.o)

.debug_frame    0x00000000     0x1250
 *(.debug_frame)
 .debug_frame   0x00000000       0x90 build/default/production/_ext/74006194/sys_int_pic32.o
 .debug_frame   0x00000090       0xc8 build/default/production/_ext/495391950/drv_usbfs.o
 .debug_frame   0x00000158      0x4d8 build/default/production/_ext/2122677765/usb_device.o
 .debug_frame   0x00000630      0x1e0 build/default/production/_ext/495391950/drv_usbfs_device.o
 .debug_frame   0x00000810      0x100 build/default/production/_ext/2122677765/usb_device_hid.o
 .debug_frame   0x00000910       0x80 build/default/production/_ext/1360937237/app.o
 .debug_frame   0x00000990       0xa0 build/default/production/_ext/639803181/sys_clk_pic32mx.o
 .debug_frame   0x00000a30       0xe8 build/default/production/_ext/340578644/sys_devcon.o
 .debug_frame   0x00000b18       0x28 build/default/production/_ext/340578644/sys_devcon_pic32mx.o
 .debug_frame   0x00000b40      0x270 build/default/production/_ext/822048611/sys_ports_static.o
 .debug_frame   0x00000db0       0x28 build/default/production/_ext/1688732426/system_init.o
 .debug_frame   0x00000dd8       0x64 build/default/production/_ext/1688732426/system_interrupt.o
 .debug_frame   0x00000e3c       0x28 build/default/production/_ext/1688732426/system_exceptions.o
 .debug_frame   0x00000e64       0x28 build/default/production/_ext/1360937237/main.o
 .debug_frame   0x00000e8c       0x28 build/default/production/_ext/1688732426/system_tasks.o
 .debug_frame   0x00000eb4       0x20 build/default/production/_ext/1360937237/mouse.o
 .debug_frame   0x00000ed4       0xd0 build/default/production/_ext/1360937237/imu.o
 .debug_frame   0x00000fa4      0x220 build/default/production/_ext/1360937237/ili2.o
 .debug_frame   0x000011c4       0x2c c:/program files (x86)/microchip/xc32/v2.15/bin/bin/../../lib/gcc/pic32mx/4.8.3/../../../../pic32mx/lib\libpic32.a(default-bootstrap-exception-handler.o)
 .debug_frame   0x000011f0       0x20 c:/program files (x86)/microchip/xc32/v2.15/bin/bin/../../lib/gcc/pic32mx/4.8.3/../../../../pic32mx/lib\libpic32.a(default-on-reset.o)
 .debug_frame   0x00001210       0x20 c:/program files (x86)/microchip/xc32/v2.15/bin/bin/../../lib/gcc/pic32mx/4.8.3/../../../../pic32mx/lib\libpic32.a(default-on-bootstrap.o)
 .debug_frame   0x00001230       0x20 c:/program files (x86)/microchip/xc32/v2.15/bin/bin/../../lib/gcc/pic32mx/4.8.3/../../../../pic32mx/lib\libpic32.a(defaultinterrupt.o)

.debug_str      0x00000000      0x839
 *(.debug_str)
 .debug_str     0x00000000       0x1d build/default/production/_ext/74006194/sys_int_pic32.o
 .debug_str     0x0000001d       0xa2 build/default/production/_ext/495391950/drv_usbfs.o
 .debug_str     0x000000bf      0x2d7 build/default/production/_ext/2122677765/usb_device.o
 .debug_str     0x00000396      0x173 build/default/production/_ext/495391950/drv_usbfs_device.o
 .debug_str     0x00000509       0xc7 build/default/production/_ext/2122677765/usb_device_hid.o
 .debug_str     0x000005d0       0x29 build/default/production/_ext/1360937237/app.o
 .debug_str     0x000005f9       0x46 build/default/production/_ext/639803181/sys_clk_pic32mx.o
 .debug_str     0x0000063f       0x16 build/default/production/_ext/340578644/sys_devcon.o
 .debug_str     0x00000655        0x6 build/default/production/_ext/340578644/sys_devcon_pic32mx.o
 .debug_str     0x0000065b       0x98 build/default/production/_ext/822048611/sys_ports_static.o
 .debug_str     0x000006f3      0x119 build/default/production/_ext/1688732426/system_init.o
 .debug_str     0x0000080c        0x0 build/default/production/_ext/1688732426/system_interrupt.o
 .debug_str     0x0000080c        0x0 build/default/production/_ext/1688732426/system_exceptions.o
 .debug_str     0x0000080c        0x0 build/default/production/_ext/1360937237/main.o
 .debug_str     0x0000080c        0x0 build/default/production/_ext/1688732426/system_tasks.o
 .debug_str     0x0000080c        0x0 build/default/production/_ext/1360937237/mouse.o
 .debug_str     0x0000080c        0x0 build/default/production/_ext/1360937237/imu.o
 .debug_str     0x0000080c       0x2d build/default/production/_ext/1360937237/ili2.o
 .debug_str     0x00000839        0x0 c:/program files (x86)/microchip/xc32/v2.15/bin/bin/../../lib/gcc/pic32mx/4.8.3/../../../../pic32mx/lib\libpic32.a(default-bootstrap-exception-handler.o)
 .debug_str     0x00000839        0x0 c:/program files (x86)/microchip/xc32/v2.15/bin/bin/../../lib/gcc/pic32mx/4.8.3/../../../../pic32mx/lib\libpic32.a(default-on-reset.o)
 .debug_str     0x00000839        0x0 c:/program files (x86)/microchip/xc32/v2.15/bin/bin/../../lib/gcc/pic32mx/4.8.3/../../../../pic32mx/lib\libpic32.a(default-on-bootstrap.o)
 .debug_str     0x00000839        0x0 c:/program files (x86)/microchip/xc32/v2.15/bin/bin/../../lib/gcc/pic32mx/4.8.3/../../../../pic32mx/lib\libpic32.a(defaultinterrupt.o)

.debug_loc      0x00000000     0x7038
 *(.debug_loc)
 .debug_loc     0x00000000       0x7c build/default/production/_ext/74006194/sys_int_pic32.o
 .debug_loc     0x0000007c      0x4d6 build/default/production/_ext/495391950/drv_usbfs.o
 .debug_loc     0x00000552     0x1f0b build/default/production/_ext/2122677765/usb_device.o
 .debug_loc     0x0000245d     0x22ed build/default/production/_ext/495391950/drv_usbfs_device.o
 .debug_loc     0x0000474a      0xd4c build/default/production/_ext/2122677765/usb_device_hid.o
 .debug_loc     0x00005496      0x406 build/default/production/_ext/1360937237/app.o
 .debug_loc     0x0000589c       0x49 build/default/production/_ext/639803181/sys_clk_pic32mx.o
 .debug_loc     0x000058e5       0xf0 build/default/production/_ext/340578644/sys_devcon.o
 .debug_loc     0x000059d5       0x91 build/default/production/_ext/340578644/sys_devcon_pic32mx.o
 .debug_loc     0x00005a66      0x7ca build/default/production/_ext/822048611/sys_ports_static.o
 .debug_loc     0x00006230       0x21 build/default/production/_ext/1688732426/system_init.o
 .debug_loc     0x00006251       0x2c build/default/production/_ext/1360937237/mouse.o
 .debug_loc     0x0000627d      0x12d build/default/production/_ext/1360937237/imu.o
 .debug_loc     0x000063aa      0xc62 build/default/production/_ext/1360937237/ili2.o
 .debug_loc     0x0000700c       0x2c c:/program files (x86)/microchip/xc32/v2.15/bin/bin/../../lib/gcc/pic32mx/4.8.3/../../../../pic32mx/lib\libpic32.a(default-bootstrap-exception-handler.o)

.debug_macinfo
 *(.debug_macinfo)

.debug_weaknames
 *(.debug_weaknames)

.debug_funcnames
 *(.debug_funcnames)

.debug_typenames
 *(.debug_typenames)

.debug_varnames
 *(.debug_varnames)

.debug_pubtypes
 *(.debug_pubtypes)

.debug_ranges   0x00000000      0x7a0
 *(.debug_ranges)
 .debug_ranges  0x00000000       0x50 build/default/production/_ext/74006194/sys_int_pic32.o
 .debug_ranges  0x00000050       0x50 build/default/production/_ext/495391950/drv_usbfs.o
 .debug_ranges  0x000000a0      0x190 build/default/production/_ext/2122677765/usb_device.o
 .debug_ranges  0x00000230      0x140 build/default/production/_ext/495391950/drv_usbfs_device.o
 .debug_ranges  0x00000370       0x58 build/default/production/_ext/2122677765/usb_device_hid.o
 .debug_ranges  0x000003c8       0x48 build/default/production/_ext/1360937237/app.o
 .debug_ranges  0x00000410       0x40 build/default/production/_ext/639803181/sys_clk_pic32mx.o
 .debug_ranges  0x00000450       0x68 build/default/production/_ext/340578644/sys_devcon.o
 .debug_ranges  0x000004b8       0x10 build/default/production/_ext/340578644/sys_devcon_pic32mx.o
 .debug_ranges  0x000004c8      0x138 build/default/production/_ext/822048611/sys_ports_static.o
 .debug_ranges  0x00000600       0x10 build/default/production/_ext/1688732426/system_init.o
 .debug_ranges  0x00000610       0x10 build/default/production/_ext/1688732426/system_interrupt.o
 .debug_ranges  0x00000620       0x10 build/default/production/_ext/1688732426/system_exceptions.o
 .debug_ranges  0x00000630       0x10 build/default/production/_ext/1360937237/main.o
 .debug_ranges  0x00000640       0x10 build/default/production/_ext/1688732426/system_tasks.o
 .debug_ranges  0x00000650       0x10 build/default/production/_ext/1360937237/mouse.o
 .debug_ranges  0x00000660       0x58 build/default/production/_ext/1360937237/imu.o
 .debug_ranges  0x000006b8       0xa8 build/default/production/_ext/1360937237/ili2.o
 .debug_ranges  0x00000760       0x10 c:/program files (x86)/microchip/xc32/v2.15/bin/bin/../../lib/gcc/pic32mx/4.8.3/../../../../pic32mx/lib\libpic32.a(default-bootstrap-exception-handler.o)
 .debug_ranges  0x00000770       0x10 c:/program files (x86)/microchip/xc32/v2.15/bin/bin/../../lib/gcc/pic32mx/4.8.3/../../../../pic32mx/lib\libpic32.a(default-on-reset.o)
 .debug_ranges  0x00000780       0x10 c:/program files (x86)/microchip/xc32/v2.15/bin/bin/../../lib/gcc/pic32mx/4.8.3/../../../../pic32mx/lib\libpic32.a(default-on-bootstrap.o)
 .debug_ranges  0x00000790       0x10 c:/program files (x86)/microchip/xc32/v2.15/bin/bin/../../lib/gcc/pic32mx/4.8.3/../../../../pic32mx/lib\libpic32.a(defaultinterrupt.o)

.gnu.attributes
                0x00000000       0x10
 *(.gnu.attributes)
 .gnu.attributes
                0x00000000       0x10 build/default/production/_ext/74006194/sys_int_pic32.o
 .gnu.attributes
                0x00000010       0x10 build/default/production/_ext/495391950/drv_usbfs.o
 .gnu.attributes
                0x00000020       0x10 build/default/production/_ext/2122677765/usb_device.o
 .gnu.attributes
                0x00000030       0x10 build/default/production/_ext/495391950/drv_usbfs_device.o
 .gnu.attributes
                0x00000040       0x10 build/default/production/_ext/2122677765/usb_device_hid.o
 .gnu.attributes
                0x00000050       0x10 build/default/production/_ext/1360937237/app.o
 .gnu.attributes
                0x00000060       0x10 build/default/production/_ext/639803181/sys_clk_pic32mx.o
 .gnu.attributes
                0x00000070       0x10 build/default/production/_ext/340578644/sys_devcon.o
 .gnu.attributes
                0x00000080       0x10 build/default/production/_ext/340578644/sys_devcon_pic32mx.o
 .gnu.attributes
                0x00000090       0x10 build/default/production/_ext/822048611/sys_ports_static.o
 .gnu.attributes
                0x000000a0       0x10 build/default/production/_ext/1688732426/system_init.o
 .gnu.attributes
                0x000000b0       0x10 build/default/production/_ext/1688732426/system_interrupt.o
 .gnu.attributes
                0x000000c0       0x10 build/default/production/_ext/1688732426/system_exceptions.o
 .gnu.attributes
                0x000000d0       0x10 build/default/production/_ext/1360937237/main.o
 .gnu.attributes
                0x000000e0       0x10 build/default/production/_ext/1688732426/system_tasks.o
 .gnu.attributes
                0x000000f0       0x10 build/default/production/_ext/1360937237/mouse.o
 .gnu.attributes
                0x00000100       0x10 build/default/production/_ext/1360937237/imu.o
 .gnu.attributes
                0x00000110       0x10 build/default/production/_ext/1360937237/ili2.o
 .gnu.attributes
                0x00000120       0x10 c:/program files (x86)/microchip/xc32/v2.15/bin/bin/../../lib/gcc/pic32mx/4.8.3/../../../../pic32mx/lib\libpic32.a(default-bootstrap-exception-handler.o)
 .gnu.attributes
                0x00000130       0x10 c:/program files (x86)/microchip/xc32/v2.15/bin/bin/../../lib/gcc/pic32mx/4.8.3/../../../../pic32mx/lib\libpic32.a(default-on-reset.o)
 .gnu.attributes
                0x00000140       0x10 c:/program files (x86)/microchip/xc32/v2.15/bin/bin/../../lib/gcc/pic32mx/4.8.3/../../../../pic32mx/lib\libpic32.a(default-on-bootstrap.o)
 .gnu.attributes
                0x00000150       0x10 c:/program files (x86)/microchip/xc32/v2.15/bin/bin/../../lib/gcc/pic32mx/4.8.3/../../../../pic32mx/lib\libpic32.a(defaultinterrupt.o)
LOAD c:/program files (x86)/microchip/xc32/v2.15/bin/bin/../../lib/gcc/pic32mx/4.8.3\libgcc.a
START GROUP
LOAD c:/program files (x86)/microchip/xc32/v2.15/bin/bin/../../lib/gcc/pic32mx/4.8.3/../../../../pic32mx/lib\libpic32.a
LOAD c:/program files (x86)/microchip/xc32/v2.15/bin/bin/../../lib/gcc/pic32mx/4.8.3/../../../../pic32mx/lib\libdebug.a
LOAD c:/program files (x86)/microchip/xc32/v2.15/bin/bin/../../lib/gcc/pic32mx/4.8.3/../../../../pic32mx/lib\libpic32.a
LOAD c:/program files (x86)/microchip/xc32/v2.15/bin/bin/../../lib/gcc/pic32mx/4.8.3/../../../../pic32mx/lib\libc.a
LOAD c:/program files (x86)/microchip/xc32/v2.15/bin/bin/../../lib/gcc/pic32mx/4.8.3/../../../../pic32mx/lib\libc.a
LOAD c:/program files (x86)/microchip/xc32/v2.15/bin/bin/../../lib/gcc/pic32mx/4.8.3/../../../../pic32mx/lib\libm.a
LOAD c:/program files (x86)/microchip/xc32/v2.15/bin/bin/../../lib/gcc/pic32mx/4.8.3/../../../../pic32mx/lib\libe.a
LOAD c:/program files (x86)/microchip/xc32/v2.15/bin/bin/../../lib/gcc/pic32mx/4.8.3/../../../../pic32mx/lib\libdsp.a
LOAD c:/program files (x86)/microchip/xc32/v2.15/bin/bin/../../lib/gcc/pic32mx/4.8.3\libgcc.a
LOAD c:/program files (x86)/microchip/xc32/v2.15/bin/bin/../../lib/gcc/pic32mx/4.8.3/../../../../pic32mx/lib\libpic32.a
END GROUP
LOAD c:/program files (x86)/microchip/xc32/v2.15/bin/bin/../../lib/gcc/pic32mx/4.8.3\libgcc.a
OUTPUT(dist/default/production/HW12.X.production.elf elf32-tradlittlemips)
LOAD stack
LOAD data_init

.reginfo        0x00000000       0x18
 .reginfo       0x00000000       0x18 c:/program files (x86)/microchip/xc32/v2.15/bin/bin/../../lib/gcc/pic32mx/4.8.3/../../../../pic32mx/lib\debug-exception-return.o

.stack          0xa0000660      0x400
 .stack         0xa0000660      0x400 stack

.bss            0xa0000044       0xbc
 .bss           0xa0000044       0xbc build/default/production/_ext/2122677765/usb_device.o

.data           0xa0000100       0x50
 .data          0xa0000100       0x50 build/default/production/_ext/495391950/drv_usbfs_device.o
                0xa0000100                gDrvUSBFSDeviceInterface

._debug_exception
                0xbfc00480       0x2c
 ._debug_exception
                0xbfc00480       0x2c c:/program files (x86)/microchip/xc32/v2.15/bin/bin/../../lib/gcc/pic32mx/4.8.3/../../../../pic32mx/lib\debug-exception-return.o
                0xbfc00480                __DbgExecReturn

.text._DRV_USBFS_DEVICE_Tasks_ISR
                0x9d000000      0x664
 .text._DRV_USBFS_DEVICE_Tasks_ISR
                0x9d000000      0x664 build/default/production/_ext/495391950/drv_usbfs_device.o
                0x9d000000                _DRV_USBFS_DEVICE_Tasks_ISR

.text.LCD_init  0x9d000664      0x63c
 .text.LCD_init
                0x9d000664      0x63c build/default/production/_ext/1360937237/ili2.o
                0x9d000664                LCD_init

.text.APP_Tasks
                0x9d000ca0      0x3c4
 .text.APP_Tasks
                0x9d000ca0      0x3c4 build/default/production/_ext/1360937237/app.o
                0x9d000ca0                APP_Tasks

.text._USB_DEVICE_HID_ControlTransferHandler
                0x9d001064      0x2fc
 .text._USB_DEVICE_HID_ControlTransferHandler
                0x9d001064      0x2fc build/default/production/_ext/2122677765/usb_device_hid.o
                0x9d001064                _USB_DEVICE_HID_ControlTransferHandler

.text.DRV_USBFS_DEVICE_IRPSubmit
                0x9d001360      0x22c
 .text.DRV_USBFS_DEVICE_IRPSubmit
                0x9d001360      0x22c build/default/production/_ext/495391950/drv_usbfs_device.o
                0x9d001360                DRV_USBFS_DEVICE_IRPSubmit

.text._USB_DEVICE_EventHandler
                0x9d00158c      0x218
 .text._USB_DEVICE_EventHandler
                0x9d00158c      0x218 build/default/production/_ext/2122677765/usb_device.o
                0x9d00158c                _USB_DEVICE_EventHandler

.text._USB_DEVICE_ProcessStandardDeviceSetRequests
                0x9d0017a4      0x214
 .text._USB_DEVICE_ProcessStandardDeviceSetRequests
                0x9d0017a4      0x214 build/default/production/_ext/2122677765/usb_device.o
                0x9d0017a4                _USB_DEVICE_ProcessStandardDeviceSetRequests

.text._USB_DEVICE_ProcessStandardDeviceGetRequests
                0x9d0019b8      0x20c
 .text._USB_DEVICE_ProcessStandardDeviceGetRequests
                0x9d0019b8      0x20c build/default/production/_ext/2122677765/usb_device.o
                0x9d0019b8                _USB_DEVICE_ProcessStandardDeviceGetRequests

.text._USB_DEVICE_ControlTransferHandler
                0x9d001bc4      0x1fc
 .text._USB_DEVICE_ControlTransferHandler
                0x9d001bc4      0x1fc build/default/production/_ext/2122677765/usb_device.o
                0x9d001bc4                _USB_DEVICE_ControlTransferHandler

.text.DRV_USBFS_DEVICE_EndpointStallClear
                0x9d001dc0      0x1c8
 .text.DRV_USBFS_DEVICE_EndpointStallClear
                0x9d001dc0      0x1c8 build/default/production/_ext/495391950/drv_usbfs_device.o
                0x9d001dc0                DRV_USBFS_DEVICE_EndpointStallClear

.text.DRV_USBFS_DEVICE_EndpointStall
                0x9d001f88      0x1b8
 .text.DRV_USBFS_DEVICE_EndpointStall
                0x9d001f88      0x1b8 build/default/production/_ext/495391950/drv_usbfs_device.o
                0x9d001f88                DRV_USBFS_DEVICE_EndpointStall

.text.DRV_USBFS_DEVICE_EndpointEnable
                0x9d002140      0x198
 .text.DRV_USBFS_DEVICE_EndpointEnable
                0x9d002140      0x198 build/default/production/_ext/495391950/drv_usbfs_device.o
                0x9d002140                DRV_USBFS_DEVICE_EndpointEnable

.rodata         0x9d0022d8      0x18c
 .rodata        0x9d0022d8      0x18c build/default/production/_ext/1688732426/system_init.o
                0x9d0022d8                usbDevInitData
                0x9d00230c                usbMasterDescriptor
                0x9d002338                stringDescriptors
                0x9d002344                sd002
                0x9d002364                sd001
                0x9d002398                sd000
                0x9d00239c                fullSpeedConfigDescSet
                0x9d0023a0                fullSpeedConfigurationDescriptor
                0x9d0023cc                deviceDescriptor
                0x9d0023e0                funcRegistrationTable
                0x9d0023f4                hidInit0
                0x9d002404                hid_rpt0
                0x9d002438                drvUSBFSInit

.text._USB_DEVICE_Ep0ReceiveCompleteCallback
                0x9d002464      0x184
 .text._USB_DEVICE_Ep0ReceiveCompleteCallback
                0x9d002464      0x184 build/default/production/_ext/2122677765/usb_device.o
                0x9d002464                _USB_DEVICE_Ep0ReceiveCompleteCallback

.text.USB_DEVICE_Tasks
                0x9d0025e8      0x170
 .text.USB_DEVICE_Tasks
                0x9d0025e8      0x170 build/default/production/_ext/2122677765/usb_device.o
                0x9d0025e8                USB_DEVICE_Tasks

.text.USB_DEVICE_HID_ReportSend
                0x9d002758      0x170
 .text.USB_DEVICE_HID_ReportSend
                0x9d002758      0x170 build/default/production/_ext/2122677765/usb_device_hid.o
                0x9d002758                USB_DEVICE_HID_ReportSend

.text.XPT2046_read
                0x9d0028c8      0x170
 .text.XPT2046_read
                0x9d0028c8      0x170 build/default/production/_ext/1360937237/ili2.o
                0x9d0028c8                XPT2046_read

.text           0x9d002a38      0x168
 .text          0x9d002a38      0x168 c:/program files (x86)/microchip/xc32/v2.15/bin/bin/../../lib/gcc/pic32mx/4.8.3/../../../../pic32mx/lib\libpic32.a(memcpy.o)
                0x9d002a38                memcpy

.text.USB_DEVICE_Initialize
                0x9d002ba0      0x15c
 .text.USB_DEVICE_Initialize
                0x9d002ba0      0x15c build/default/production/_ext/2122677765/usb_device.o
                0x9d002ba0                USB_DEVICE_Initialize

.text.DRV_USBFS_DEVICE_IRPCancelAll
                0x9d002cfc      0x158
 .text.DRV_USBFS_DEVICE_IRPCancelAll
                0x9d002cfc      0x158 build/default/production/_ext/495391950/drv_usbfs_device.o
                0x9d002cfc                DRV_USBFS_DEVICE_IRPCancelAll

.text.DRV_USBFS_DEVICE_EndpointDisable
                0x9d002e54      0x140
 .text.DRV_USBFS_DEVICE_EndpointDisable
                0x9d002e54      0x140 build/default/production/_ext/495391950/drv_usbfs_device.o
                0x9d002e54                DRV_USBFS_DEVICE_EndpointDisable

.text._USB_DEVICE_HID_InitializeByDescriptorType
                0x9d002f94      0x140
 .text._USB_DEVICE_HID_InitializeByDescriptorType
                0x9d002f94      0x140 build/default/production/_ext/2122677765/usb_device_hid.o
                0x9d002f94                _USB_DEVICE_HID_InitializeByDescriptorType

.text.DRV_USBFS_Initialize
                0x9d0030d4      0x138
 .text.DRV_USBFS_Initialize
                0x9d0030d4      0x138 build/default/production/_ext/495391950/drv_usbfs.o
                0x9d0030d4                DRV_USBFS_Initialize

.text.DRV_USBFS_DEVICE_IRPCancel
                0x9d00320c      0x130
 .text.DRV_USBFS_DEVICE_IRPCancel
                0x9d00320c      0x130 build/default/production/_ext/495391950/drv_usbfs_device.o
                0x9d00320c                DRV_USBFS_DEVICE_IRPCancel

.text._IntHandlerUSBInstance0
                0x9d00333c      0x130
 .text._IntHandlerUSBInstance0
                0x9d00333c      0x130 build/default/production/_ext/1688732426/system_interrupt.o
                0x9d00333c                _IntHandlerUSBInstance0

.rodata         0x9d00346c      0x128
 .rodata        0x9d00346c      0x128 build/default/production/_ext/1688732426/system_exceptions.o

.text.LCD_drawBar
                0x9d003594      0x104
 .text.LCD_drawBar
                0x9d003594      0x104 build/default/production/_ext/1360937237/ili2.o
                0x9d003594                LCD_drawBar

.text.LCD_drawBarLeft
                0x9d003698      0x104
 .text.LCD_drawBarLeft
                0x9d003698      0x104 build/default/production/_ext/1360937237/ili2.o
                0x9d003698                LCD_drawBarLeft

.text.LCD_drawBarUp
                0x9d00379c      0x104
 .text.LCD_drawBarUp
                0x9d00379c      0x104 build/default/production/_ext/1360937237/ili2.o
                0x9d00379c                LCD_drawBarUp

.text.LCD_drawBarDown
                0x9d0038a0      0x104
 .text.LCD_drawBarDown
                0x9d0038a0      0x104 build/default/production/_ext/1360937237/ili2.o
                0x9d0038a0                LCD_drawBarDown

.text._USB_DEVICE_ConfigureDevice
                0x9d0039a4      0x100
 .text._USB_DEVICE_ConfigureDevice
                0x9d0039a4      0x100 build/default/production/_ext/2122677765/usb_device.o
                0x9d0039a4                _USB_DEVICE_ConfigureDevice

.text._USB_DEVICE_ProcessStandardEndpointRequest
                0x9d003aa4      0x100
 .text._USB_DEVICE_ProcessStandardEndpointRequest
                0x9d003aa4      0x100 build/default/production/_ext/2122677765/usb_device.o
                0x9d003aa4                _USB_DEVICE_ProcessStandardEndpointRequest

.text.APP_USBDeviceEventHandler
                0x9d003ba4       0xf8
 .text.APP_USBDeviceEventHandler
                0x9d003ba4       0xf8 build/default/production/_ext/1360937237/app.o
                0x9d003ba4                APP_USBDeviceEventHandler

.text.general_exception
                0x9d003c9c       0xdc
 .text.general_exception
                0x9d003c9c       0xdc c:/program files (x86)/microchip/xc32/v2.15/bin/bin/../../lib/gcc/pic32mx/4.8.3/../../../../pic32mx/lib\libpic32.a(general-exception.o)
                0x9d003c9c                _general_exception_context

.text._DRV_USBFS_DEVICE_EndpointBDTEntryArm
                0x9d003d78       0xd8
 .text._DRV_USBFS_DEVICE_EndpointBDTEntryArm
                0x9d003d78       0xd8 build/default/production/_ext/495391950/drv_usbfs_device.o
                0x9d003d78                _DRV_USBFS_DEVICE_EndpointBDTEntryArm

.text._USB_DEVICE_GetStringDescriptorRequestProcess
                0x9d003e50       0xd4
 .text._USB_DEVICE_GetStringDescriptorRequestProcess
                0x9d003e50       0xd4 build/default/production/_ext/2122677765/usb_device.o
                0x9d003e50                _USB_DEVICE_GetStringDescriptorRequestProcess

.text.SPI1_init
                0x9d003f24       0xd4
 .text.SPI1_init
                0x9d003f24       0xd4 build/default/production/_ext/1360937237/ili2.o
                0x9d003f24                SPI1_init

.text.APP_USBDeviceHIDEventHandler
                0x9d003ff8       0xd0
 .text.APP_USBDeviceHIDEventHandler
                0x9d003ff8       0xd0 build/default/production/_ext/1360937237/app.o
                0x9d003ff8                APP_USBDeviceHIDEventHandler

.dinit          0x9d0040c8       0xd0
 .dinit         0x9d0040c8       0xd0 data_init

.text._USB_DEVICE_Ep0TransmitCompleteCallback
                0x9d004198       0xc0
 .text._USB_DEVICE_Ep0TransmitCompleteCallback
                0x9d004198       0xc0 build/default/production/_ext/2122677765/usb_device.o
                0x9d004198                _USB_DEVICE_Ep0TransmitCompleteCallback

.text.SYS_Initialize
                0x9d004258       0xc0
 .text.SYS_Initialize
                0x9d004258       0xc0 build/default/production/_ext/1688732426/system_init.o
                0x9d004258                SYS_Initialize

.text.I2C_read_multiple
                0x9d004318       0xb8
 .text.I2C_read_multiple
                0x9d004318       0xb8 build/default/production/_ext/1360937237/imu.o
                0x9d004318                I2C_read_multiple

.text._USB_DEVICE_HID_ReportSendCallBack
                0x9d0043d0       0xb0
 .text._USB_DEVICE_HID_ReportSendCallBack
                0x9d0043d0       0xb0 build/default/production/_ext/2122677765/usb_device_hid.o
                0x9d0043d0                _USB_DEVICE_HID_ReportSendCallBack

.text._USB_DEVICE_DeInitializeAllFunctionDrivers
                0x9d004480       0xa8
 .text._USB_DEVICE_DeInitializeAllFunctionDrivers
                0x9d004480       0xa8 build/default/production/_ext/2122677765/usb_device.o
                0x9d004480                _USB_DEVICE_DeInitializeAllFunctionDrivers

.text._USB_DEVICE_ForwardControlXfrToFunction
                0x9d004528       0x9c
 .text._USB_DEVICE_ForwardControlXfrToFunction
                0x9d004528       0x9c build/default/production/_ext/2122677765/usb_device.o
                0x9d004528                _USB_DEVICE_ForwardControlXfrToFunction

.text           0x9d0045c4       0x98
 .text          0x9d0045c4       0x98 c:/program files (x86)/microchip/xc32/v2.15/bin/bin/../../lib/gcc/pic32mx/4.8.3/../../../../pic32mx/lib\libpic32.a(memcmp.o)
                0x9d0045c4                memcmp

.text.imusetup  0x9d00465c       0x94
 .text.imusetup
                0x9d00465c       0x94 build/default/production/_ext/1360937237/imu.o
                0x9d00465c                imusetup

.text.LCD_setAddr
                0x9d0046f0       0x8c
 .text.LCD_setAddr
                0x9d0046f0       0x8c build/default/production/_ext/1360937237/ili2.o
                0x9d0046f0                LCD_setAddr

.text._USB_DEVICE_HID_DeInitialize
                0x9d00477c       0x88
 .text._USB_DEVICE_HID_DeInitialize
                0x9d00477c       0x88 build/default/production/_ext/2122677765/usb_device_hid.o
                0x9d00477c                _USB_DEVICE_HID_DeInitialize

.text.DRV_USBFS_Tasks_ISR
                0x9d004804       0x84
 .text.DRV_USBFS_Tasks_ISR
                0x9d004804       0x84 build/default/production/_ext/495391950/drv_usbfs.o
                0x9d004804                DRV_USBFS_Tasks_ISR

.text._USB_DEVICE_GetFunctionDriverEntryByInterface
                0x9d004888       0x84
 .text._USB_DEVICE_GetFunctionDriverEntryByInterface
                0x9d004888       0x84 build/default/production/_ext/2122677765/usb_device.o
                0x9d004888                _USB_DEVICE_GetFunctionDriverEntryByInterface

.text._USB_DEVICE_FindEndpoint
                0x9d00490c       0x84
 .text._USB_DEVICE_FindEndpoint
                0x9d00490c       0x84 build/default/production/_ext/2122677765/usb_device.o
                0x9d00490c                _USB_DEVICE_FindEndpoint

.text.USB_DEVICE_ControlSend
                0x9d004990       0x84
 .text.USB_DEVICE_ControlSend
                0x9d004990       0x84 build/default/production/_ext/2122677765/usb_device.o
                0x9d004990                USB_DEVICE_ControlSend

.text           0x9d004a14       0x84
 .text          0x9d004a14       0x84 c:/program files (x86)/microchip/xc32/v2.15/bin/bin/../../lib/gcc/pic32mx/4.8.3/../../../../pic32mx/lib\libpic32.a(pic32_data_init.o)
                0x9d004a14                __pic32_data_init

.text.USB_DEVICE_ControlStatus
                0x9d004a98       0x7c
 .text.USB_DEVICE_ControlStatus
                0x9d004a98       0x7c build/default/production/_ext/2122677765/usb_device.o
                0x9d004a98                USB_DEVICE_ControlStatus

.text.LCD_clearScreen
                0x9d004b14       0x78
 .text.LCD_clearScreen
                0x9d004b14       0x78 build/default/production/_ext/1360937237/ili2.o
                0x9d004b14                LCD_clearScreen

.text.DRV_USBFS_DEVICE_Attach
                0x9d004b8c       0x70
 .text.DRV_USBFS_DEVICE_Attach
                0x9d004b8c       0x70 build/default/production/_ext/495391950/drv_usbfs_device.o
                0x9d004b8c                DRV_USBFS_DEVICE_Attach

.text.DRV_USBFS_ClientEventCallBackSet
                0x9d004bfc       0x6c
 .text.DRV_USBFS_ClientEventCallBackSet
                0x9d004bfc       0x6c build/default/production/_ext/495391950/drv_usbfs.o
                0x9d004bfc                DRV_USBFS_ClientEventCallBackSet

.text._DRV_USBFS_DEVICE_IRPQueueFlush
                0x9d004c68       0x68
 .text._DRV_USBFS_DEVICE_IRPQueueFlush
                0x9d004c68       0x68 build/default/production/_ext/495391950/drv_usbfs_device.o
                0x9d004c68                _DRV_USBFS_DEVICE_IRPQueueFlush

.text.USB_DEVICE_EndpointEnable
                0x9d004cd0       0x5c
 .text.USB_DEVICE_EndpointEnable
                0x9d004cd0       0x5c build/default/production/_ext/2122677765/usb_device.o
                0x9d004cd0                USB_DEVICE_EndpointEnable

.text.LCD_drawPixel
                0x9d004d2c       0x5c
 .text.LCD_drawPixel
                0x9d004d2c       0x5c build/default/production/_ext/1360937237/ili2.o
                0x9d004d2c                LCD_drawPixel

.text.USB_DEVICE_EventHandlerSet
                0x9d004d88       0x58
 .text.USB_DEVICE_EventHandlerSet
                0x9d004d88       0x58 build/default/production/_ext/2122677765/usb_device.o
                0x9d004d88                USB_DEVICE_EventHandlerSet

.text.USB_DEVICE_IRPSubmit
                0x9d004de0       0x58
 .text.USB_DEVICE_IRPSubmit
                0x9d004de0       0x58 build/default/production/_ext/2122677765/usb_device.o
                0x9d004de0                USB_DEVICE_IRPSubmit

.text.SYS_CLK_Initialize
                0x9d004e38       0x58
 .text.SYS_CLK_Initialize
                0x9d004e38       0x58 build/default/production/_ext/639803181/sys_clk_pic32mx.o
                0x9d004e38                SYS_CLK_Initialize

.text.SYS_DEVCON_SystemUnlock
                0x9d004e90       0x58
 .text.SYS_DEVCON_SystemUnlock
                0x9d004e90       0x58 build/default/production/_ext/340578644/sys_devcon.o
                0x9d004e90                SYS_DEVCON_SystemUnlock

.text.SYS_DEVCON_PerformanceConfig
                0x9d004ee8       0x58
 .text.SYS_DEVCON_PerformanceConfig
                0x9d004ee8       0x58 build/default/production/_ext/340578644/sys_devcon_pic32mx.o
                0x9d004ee8                SYS_DEVCON_PerformanceConfig

.text.SYS_INT_SourceDisable
                0x9d004f40       0x54
 .text.SYS_INT_SourceDisable
                0x9d004f40       0x54 build/default/production/_ext/74006194/sys_int_pic32.o
                0x9d004f40                SYS_INT_SourceDisable

.text.main_entry
                0x9d004f94       0x54
 .text.main_entry
                0x9d004f94       0x54 C:\Users\mwlee\AppData\Local\Temp\ccwUQeTy.o
                0x9d004fc8                __crt0_exit

.text.USB_DEVICE_Detach
                0x9d004fe8       0x50
 .text.USB_DEVICE_Detach
                0x9d004fe8       0x50 build/default/production/_ext/2122677765/usb_device.o
                0x9d004fe8                USB_DEVICE_Detach

.text.APP_Initialize
                0x9d005038       0x50
 .text.APP_Initialize
                0x9d005038       0x50 build/default/production/_ext/1360937237/app.o
                0x9d005038                APP_Initialize

.text.USB_DEVICE_Open
                0x9d005088       0x4c
 .text.USB_DEVICE_Open
                0x9d005088       0x4c build/default/production/_ext/2122677765/usb_device.o
                0x9d005088                USB_DEVICE_Open

.text._USB_DEVICE_RedirectControlXfrToClient
                0x9d0050d4       0x4c
 .text._USB_DEVICE_RedirectControlXfrToClient
                0x9d0050d4       0x4c build/default/production/_ext/2122677765/usb_device.o
                0x9d0050d4                _USB_DEVICE_RedirectControlXfrToClient

.text.DRV_USBFS_DEVICE_Detach
                0x9d005120       0x4c
 .text.DRV_USBFS_DEVICE_Detach
                0x9d005120       0x4c build/default/production/_ext/495391950/drv_usbfs_device.o
                0x9d005120                DRV_USBFS_DEVICE_Detach

.text.DRV_USBFS_DEVICE_EndpointIsEnabled
                0x9d00516c       0x4c
 .text.DRV_USBFS_DEVICE_EndpointIsEnabled
                0x9d00516c       0x4c build/default/production/_ext/495391950/drv_usbfs_device.o
                0x9d00516c                DRV_USBFS_DEVICE_EndpointIsEnabled

.text.DRV_USBFS_DEVICE_EndpointIsStalled
                0x9d0051b8       0x4c
 .text.DRV_USBFS_DEVICE_EndpointIsStalled
                0x9d0051b8       0x4c build/default/production/_ext/495391950/drv_usbfs_device.o
                0x9d0051b8                DRV_USBFS_DEVICE_EndpointIsStalled

.text.USB_DEVICE_HID_EventHandlerSet
                0x9d005204       0x4c
 .text.USB_DEVICE_HID_EventHandlerSet
                0x9d005204       0x4c build/default/production/_ext/2122677765/usb_device_hid.o
                0x9d005204                USB_DEVICE_HID_EventHandlerSet

.text.USB_DEVICE_Attach
                0x9d005250       0x48
 .text.USB_DEVICE_Attach
                0x9d005250       0x48 build/default/production/_ext/2122677765/usb_device.o
                0x9d005250                USB_DEVICE_Attach

.text.USB_DEVICE_EndpointDisable
                0x9d005298       0x48
 .text.USB_DEVICE_EndpointDisable
                0x9d005298       0x48 build/default/production/_ext/2122677765/usb_device.o
                0x9d005298                USB_DEVICE_EndpointDisable

.text.USB_DEVICE_IRPCancelAll
                0x9d0052e0       0x48
 .text.USB_DEVICE_IRPCancelAll
                0x9d0052e0       0x48 build/default/production/_ext/2122677765/usb_device.o
                0x9d0052e0                USB_DEVICE_IRPCancelAll

.text.SYS_DEVCON_SystemLock
                0x9d005328       0x48
 .text.SYS_DEVCON_SystemLock
                0x9d005328       0x48 build/default/production/_ext/340578644/sys_devcon.o
                0x9d005328                SYS_DEVCON_SystemLock

.text._bootstrap_exception_handler
                0x9d005370       0x48
 .text._bootstrap_exception_handler
                0x9d005370       0x48 c:/program files (x86)/microchip/xc32/v2.15/bin/bin/../../lib/gcc/pic32mx/4.8.3/../../../../pic32mx/lib\libpic32.a(default-bootstrap-exception-handler.o)
                0x9d005370                _bootstrap_exception_handler

.vector_default
                0x9d0053b8       0x48
 .vector_default
                0x9d0053b8       0x48 c:/program files (x86)/microchip/xc32/v2.15/bin/bin/../../lib/gcc/pic32mx/4.8.3/../../../../pic32mx/lib\libpic32.a(defaultinterrupt.o)
                0x9d0053b8                _DefaultInterrupt

.text.DRV_USBFS_Open
                0x9d005400       0x44
 .text.DRV_USBFS_Open
                0x9d005400       0x44 build/default/production/_ext/495391950/drv_usbfs.o
                0x9d005400                DRV_USBFS_Open

.text.i2c_master_setup
                0x9d005444       0x44
 .text.i2c_master_setup
                0x9d005444       0x44 build/default/production/_ext/1360937237/imu.o
                0x9d005444                i2c_master_setup

.text.LCD_command
                0x9d005488       0x44
 .text.LCD_command
                0x9d005488       0x44 build/default/production/_ext/1360937237/ili2.o
                0x9d005488                LCD_command

.text           0x9d0054cc       0x44
 .text          0x9d0054cc       0x44 c:/program files (x86)/microchip/xc32/v2.15/bin/bin/../../lib/gcc/pic32mx/4.8.3/../../../../pic32mx/lib\pic32_software_reset.o
                0x9d0054cc                __pic32_software_reset

.text._general_exception_handler
                0x9d005510       0x40
 .text._general_exception_handler
                0x9d005510       0x40 build/default/production/_ext/1688732426/system_exceptions.o
                0x9d005510                _general_exception_handler

.text.i2c_master_ack
                0x9d005550       0x3c
 .text.i2c_master_ack
                0x9d005550       0x3c build/default/production/_ext/1360937237/imu.o
                0x9d005550                i2c_master_ack

.text.DRV_USBFS_DEVICE_SOFNumberGet
                0x9d00558c       0x34
 .text.DRV_USBFS_DEVICE_SOFNumberGet
                0x9d00558c       0x34 build/default/production/_ext/495391950/drv_usbfs_device.o
                0x9d00558c                DRV_USBFS_DEVICE_SOFNumberGet

.text.i2c_master_recv
                0x9d0055c0       0x34
 .text.i2c_master_recv
                0x9d0055c0       0x34 build/default/production/_ext/1360937237/imu.o
                0x9d0055c0                i2c_master_recv

.text.i2c_master_start
                0x9d0055f4       0x30
 .text.i2c_master_start
                0x9d0055f4       0x30 build/default/production/_ext/1360937237/imu.o
                0x9d0055f4                i2c_master_start

.text.i2c_master_restart
                0x9d005624       0x30
 .text.i2c_master_restart
                0x9d005624       0x30 build/default/production/_ext/1360937237/imu.o
                0x9d005624                i2c_master_restart

.text.i2c_master_stop
                0x9d005654       0x30
 .text.i2c_master_stop
                0x9d005654       0x30 build/default/production/_ext/1360937237/imu.o
                0x9d005654                i2c_master_stop

.text.LCD_data16
                0x9d005684       0x30
 .text.LCD_data16
                0x9d005684       0x30 build/default/production/_ext/1360937237/ili2.o
                0x9d005684                LCD_data16

.text.DRV_USBFS_Close
                0x9d0056b4       0x2c
 .text.DRV_USBFS_Close
                0x9d0056b4       0x2c build/default/production/_ext/495391950/drv_usbfs.o
                0x9d0056b4                DRV_USBFS_Close

.text._DRV_USBFS_DEVICE_Initialize
                0x9d0056e0       0x2c
 .text._DRV_USBFS_DEVICE_Initialize
                0x9d0056e0       0x2c build/default/production/_ext/495391950/drv_usbfs_device.o
                0x9d0056e0                _DRV_USBFS_DEVICE_Initialize

.text.SYS_Tasks
                0x9d00570c       0x2c
 .text.SYS_Tasks
                0x9d00570c       0x2c build/default/production/_ext/1688732426/system_tasks.o
                0x9d00570c                SYS_Tasks

.text._USB_DEVICE_ClientHandleValidate
                0x9d005738       0x28
 .text._USB_DEVICE_ClientHandleValidate
                0x9d005738       0x28 build/default/production/_ext/2122677765/usb_device.o
                0x9d005738                _USB_DEVICE_ClientHandleValidate

.text.DRV_USBFS_DEVICE_AddressSet
                0x9d005760       0x28
 .text.DRV_USBFS_DEVICE_AddressSet
                0x9d005760       0x28 build/default/production/_ext/495391950/drv_usbfs_device.o
                0x9d005760                DRV_USBFS_DEVICE_AddressSet

.text.DRV_USBFS_DEVICE_RemoteWakeupStart
                0x9d005788       0x28
 .text.DRV_USBFS_DEVICE_RemoteWakeupStart
                0x9d005788       0x28 build/default/production/_ext/495391950/drv_usbfs_device.o
                0x9d005788                DRV_USBFS_DEVICE_RemoteWakeupStart

.text.DRV_USBFS_DEVICE_RemoteWakeupStop
                0x9d0057b0       0x28
 .text.DRV_USBFS_DEVICE_RemoteWakeupStop
                0x9d0057b0       0x28 build/default/production/_ext/495391950/drv_usbfs_device.o
                0x9d0057b0                DRV_USBFS_DEVICE_RemoteWakeupStop

.text.i2c_master_send
                0x9d0057d8       0x28
 .text.i2c_master_send
                0x9d0057d8       0x28 build/default/production/_ext/1360937237/imu.o
                0x9d0057d8                i2c_master_send

.text.spi_io    0x9d005800       0x28
 .text.spi_io   0x9d005800       0x28 build/default/production/_ext/1360937237/ili2.o
                0x9d005800                spi_io

.text.MOUSE_ReportCreate
                0x9d005828       0x24
 .text.MOUSE_ReportCreate
                0x9d005828       0x24 build/default/production/_ext/1360937237/mouse.o
                0x9d005828                MOUSE_ReportCreate

.text._USB_DEVICE_HID_GlobalInitialize
                0x9d00584c       0x20
 .text._USB_DEVICE_HID_GlobalInitialize
                0x9d00584c       0x20 build/default/production/_ext/2122677765/usb_device_hid.o
                0x9d00584c                _USB_DEVICE_HID_GlobalInitialize

.text.main      0x9d00586c       0x20